// Jest Snapshot v1, https://goo.gl/fbAQLP

exports[`ToggleButtonGroup snapshots should render ToggleButtonGroup 1`] = `
<DocumentFragment>
  <div
    class="css-19um8c2 ToggleButtonGroup"
    data-test-box=""
    data-test-toggle-button-group="test"
  >
    <button
      class="ToggleButton"
      data-test-toggle-button="0"
      type="button"
    >
      <div
        class="css-1jnxvbp Icon Icon--neutral-1"
        data-test-icon="align-horizontal-center"
        height="12"
        name="AlignHorizontalCenter"
        width="12"
      />
    </button>
    <button
      class="ToggleButton"
      data-test-toggle-button="1"
      type="button"
    >
      <div
        class="css-1jnxvbp Icon Icon--neutral-1"
        data-test-icon="align-horizontal-center"
        height="12"
        name="AlignHorizontalCenter"
        width="12"
      />
    </button>
    <button
      class="ToggleButton"
      data-test-toggle-button="2"
      type="button"
    >
      <div
        class="css-1jnxvbp Icon Icon--neutral-1"
        data-test-icon="align-horizontal-center"
        height="12"
        name="AlignHorizontalCenter"
        width="12"
      />
    </button>
  </div>
</DocumentFragment>
`;
