// Jest Snapshot v1, https://goo.gl/fbAQLP

exports[`ColumnResizing snapshots should render ColumnResizing 1`] = `
<DocumentFragment>
  <div
    class="css-wcnq0t SectionColumn SectionColumn--light"
    data-test-section=""
  >
    <div
      class="SectionColumn__labels SectionColumn__labels--light"
      style="width: calc(100% - 24px - 0px - 8px);"
    >
      <small
        class="css-wcnq0t SectionColumn__label SectionColumn__label--light Typography Typography--light Typography--neutral1 Typography--neutral1--light Typography--regular Typography--regular--light Typography--normal Typography--normal--light Typography--small Typography--small--light"
        data-test-text=""
        style="text-align: inherit;"
      >
        Resizing
      </small>
    </div>
    <div
      class="SectionColumn__wrapper SectionColumn__wrapper--light"
    >
      <div
        class="SectionColumn__content SectionColumn__content--light SectionColumn__content--two-inputs SectionColumn__content--two-inputs--light"
        style="width: calc(100% - 24px - 0px - 8px);"
      />
      <div
        class="SectionColumn__buttons SectionColumn__buttons--light"
      />
    </div>
  </div>
</DocumentFragment>
`;

exports[`ColumnResizing snapshots should render when values are mixed 1`] = `
<DocumentFragment>
  <div
    class="css-wcnq0t SectionColumn SectionColumn--light"
    data-test-section=""
  >
    <div
      class="SectionColumn__labels SectionColumn__labels--light"
      style="width: calc(100% - 24px - 0px - 8px);"
    >
      <small
        class="css-wcnq0t SectionColumn__label SectionColumn__label--light Typography Typography--light Typography--neutral1 Typography--neutral1--light Typography--regular Typography--regular--light Typography--normal Typography--normal--light Typography--small Typography--small--light"
        data-test-text=""
        style="text-align: inherit;"
      >
        Resizing
      </small>
    </div>
    <div
      class="SectionColumn__wrapper SectionColumn__wrapper--light"
    >
      <div
        class="SectionColumn__content SectionColumn__content--light SectionColumn__content--two-inputs SectionColumn__content--two-inputs--light"
        style="width: calc(100% - 24px - 0px - 8px);"
      />
      <div
        class="SectionColumn__buttons SectionColumn__buttons--light"
      />
    </div>
  </div>
</DocumentFragment>
`;
