// Jest Snapshot v1, https://goo.gl/fbAQLP

exports[`TextFieldChip snapshots should not render 1`] = `<DocumentFragment />`;

exports[`TextFieldChip snapshots should render TextFieldChip 1`] = `
<DocumentFragment>
  <div
    class="css-1jnxvbp Chip Chip--light className TextFieldChip TextFieldChip--light"
    data-test-chip=""
  >
    children
  </div>
</DocumentFragment>
`;
