// Jest Snapshot v1, https://goo.gl/fbAQLP

exports[`ColorPrompt snapshots should render ColorPrompt 1`] = `
<DocumentFragment>
  <div
    class="ColorPrompt"
  >
    <div
      class="Icon Icon--neutral-1"
      data-test-icon="eyes-dropper"
      height="12"
      name="EyesDropper"
      width="12"
    />
    <small
      class="ColorPrompt__description Typography Typography--neutral-2 Typography--regular Typography--normal Typography--small"
      data-test-text=""
      style="text-align: inherit;"
    >
      Click to sample
    </small>
  </div>
</DocumentFragment>
`;
