// Jest Snapshot v1, https://goo.gl/fbAQLP

exports[`ColorPicker snapshots should render ColorPicker 1`] = `
<DocumentFragment>
  <div
    class="css-1jnxvbp FieldGroup FieldGroup--light"
    data-test-field-group=""
  >
    <div
      class="css-1jnxvbp ColorPicker__hexInput ColorPicker__hexInput--light TextField TextField--light"
      data-test-text-field="color"
    >
      <div
        aria-describedby="test-id"
      >
        <div
          class="css-1jnxvbp Color Color--light"
          data-test-color=""
        >
          <div
            class="Color__picker Color__picker--light"
            style="background-color: rgb(255, 255, 255);"
          />
          <div
            class="Color__picker-alpha Color__picker-alpha--light"
            style="background-color: rgb(255, 255, 255);"
          />
          <div
            class="Color__picker-texture Color__picker-texture--light"
          />
        </div>
      </div>
      <input
        class="TextField__input TextField__input--light"
        data-test-text-field-input="color"
        maxlength="6"
        value="ffffff"
      />
    </div>
    <div
      class="css-1jnxvbp ColorPicker__alphaInput ColorPicker__alphaInput--light TextField TextField--light"
      data-test-text-field="alpha"
    >
      <input
        class="TextField__input TextField__input--light"
        data-test-text-field-input="alpha"
        max="100"
        maxlength="6"
        min="0"
        type="number"
        value="100"
      />
      <div
        class="ScrubbableInput ScrubbableInput--light"
        data-test-scrubbable-input=""
      >
        <div
          class="ColorPicker__alphaInputUnit ColorPicker__alphaInputUnit--light"
        >
          %
        </div>
      </div>
    </div>
  </div>
</DocumentFragment>
`;
