// Jest Snapshot v1, https://goo.gl/fbAQLP

exports[`Frame snapshots should render Frame 1`] = `
<DocumentFragment>
  <div
    class="css-1jnxvbp className Frame Element"
    data-status="false"
    data-test-element="test-1"
    id="test-1"
    style="border-bottom-left-radius: 0px; border-bottom-right-radius: 0px; border-top-left-radius: 0px; border-top-right-radius: 0px; left: 0px; top: 0px; transform: rotate(0deg) translate(0, 0); transform-origin: center center; height: 100px; margin: 0px 0px 0px 0px; mix-blend-mode: initial; opacity: 1; overflow: hidden; padding: 0px 0px 0px 0px; position: absolute; visibility: visible; width: 100px;"
  >
    <div
      class="css-1jnxvbp Frame__wrapper"
      data-test-box=""
      style="height: 100px; left: 0px; top: 0px; transform: rotate(0deg); width: 100px;"
    >
      <small
        class="css-1jnxvbp Frame__label Frame__label--top Typography Typography--neutral-1 Typography--regular Typography--normal Typography--small"
        data-test-text=""
        style="text-align: inherit;"
      >
        Frame
      </small>
    </div>
  </div>
</DocumentFragment>
`;
