// Jest Snapshot v1, https://goo.gl/fbAQLP

exports[`ColorResult snapshots should render ColorResult 1`] = `
<DocumentFragment>
  <div
    class="css-e5vky9 ColorResult"
    data-test-box=""
  >
    <div
      class="css-cc7zgu ColorResult__selected-color"
      data-test-box=""
      style="background-color: rgba(0, 0, 0, 0);"
    />
    <small
      class="css-1jnxvbp Typography Typography--neutral-1 Typography--regular Typography--normal Typography--small"
      data-test-text=""
      style="text-align: inherit;"
    >
      #000000
    </small>
  </div>
</DocumentFragment>
`;
