// Jest Snapshot v1, https://goo.gl/fbAQLP

exports[`TransformArea snapshots should render TransformArea 1`] = `
<DocumentFragment>
  <div
    class="TransformArea TransformArea--light"
    style="height: 100px; width: 100px;"
  >
    <div
      class="TransformArea__anchor--resize TransformArea__anchor--resize--light TransformArea__anchor-resize--east TransformArea__anchor-resize--east--light"
      data-test-anchor="east"
    />
    <div
      class="TransformArea__anchor--resize TransformArea__anchor--resize--light TransformArea__anchor-resize--none TransformArea__anchor-resize--none--light"
      data-test-anchor="none"
    />
    <div
      class="TransformArea__anchor--resize TransformArea__anchor--resize--light TransformArea__anchor-resize--north TransformArea__anchor-resize--north--light"
      data-test-anchor="north"
    />
    <div
      class="TransformArea__anchor--resize TransformArea__anchor--resize--light TransformArea__anchor-resize--northEast TransformArea__anchor-resize--northEast--light"
      data-test-anchor="north-east"
    />
    <div
      class="TransformArea__anchor--resize TransformArea__anchor--resize--light TransformArea__anchor-resize--northWest TransformArea__anchor-resize--northWest--light"
      data-test-anchor="north-west"
    />
    <div
      class="TransformArea__anchor--resize TransformArea__anchor--resize--light TransformArea__anchor-resize--south TransformArea__anchor-resize--south--light"
      data-test-anchor="south"
    />
    <div
      class="TransformArea__anchor--resize TransformArea__anchor--resize--light TransformArea__anchor-resize--southEast TransformArea__anchor-resize--southEast--light"
      data-test-anchor="south-east"
    />
    <div
      class="TransformArea__anchor--resize TransformArea__anchor--resize--light TransformArea__anchor-resize--southWest TransformArea__anchor-resize--southWest--light"
      data-test-anchor="south-west"
    />
    <div
      class="TransformArea__anchor--resize TransformArea__anchor--resize--light TransformArea__anchor-resize--west TransformArea__anchor-resize--west--light"
      data-test-anchor="west"
    />
  </div>
</DocumentFragment>
`;
