// Jest Snapshot v1, https://goo.gl/fbAQLP

exports[`ComponentPanel snapshots should render ComponentPanel 1`] = `
<DocumentFragment>
  <div
    class="css-q0izro Section Section--light"
    data-test-section=""
  >
    <div
      class="css-q0izro SectionColumn SectionColumn--light"
      data-test-section=""
    >
      <div
        class="SectionColumn__content SectionColumn__content--light"
      >
        <small
          class="css-q0izro Typography Typography--light Typography--neutral1 Typography--neutral1--light Typography--regular Typography--regular--light Typography--normal Typography--normal--light Typography--small Typography--small--light"
          data-test-text=""
          style="text-align: inherit;"
        >
          0 selected
        </small>
      </div>
      <div
        class="SectionColumn__buttons SectionColumn__buttons--light"
      >
        <div
          class="css-q0izro ButtonIcon ButtonIcon--light"
          data-test-button-icon=""
        >
          <div
            class="css-q0izro Icon Icon--light Icon--neutral1 Icon--neutral1--light"
            data-test-icon="HtmlTag"
            height="14"
            name="HtmlTag"
            width="14"
          />
        </div>
        <div
          class="css-q0izro ButtonIcon ButtonIcon--light"
          data-test-button-icon=""
        >
          <div
            class="css-q0izro Icon Icon--light Icon--neutral1 Icon--neutral1--light"
            data-test-icon="Component"
            height="14"
            name="Component"
            width="14"
          />
        </div>
      </div>
    </div>
  </div>
</DocumentFragment>
`;

exports[`ComponentPanel snapshots should render proptype section 1`] = `<DocumentFragment />`;
