// Jest Snapshot v1, https://goo.gl/fbAQLP

exports[`SelectableArea snapshots should not render SelectableArea 1`] = `<DocumentFragment />`;

exports[`SelectableArea snapshots should render SelectableArea 1`] = `
<DocumentFragment>
  <div
    class="css-1jnxvbp SelectableArea SelectableArea--light"
    data-test-box=""
  >
    <svg
      class="SelectableArea__area SelectableArea__area--light"
    >
      <path
        d="M 0,0 H 0 V 0 H 0 V 0"
      />
    </svg>
  </div>
</DocumentFragment>
`;
