// Jest Snapshot v1, https://goo.gl/fbAQLP

exports[`ColorSampler snapshots should render ColorSampler 1`] = `
<DocumentFragment>
  <div
    class="css-gjryq9 ColorSampler"
    data-test-box=""
    style="left: 15px; top: 15px;"
  >
    <div
      class="css-1kjclab ColorGridMask"
      data-test-box=""
      data-test-button="color-sampler"
    />
    <div
      class="css-1odrpt5 ColorGrid"
      data-test-box=""
    >
      <div
        class="css-fx1txq"
        data-test-box=""
      >
        <div
          class="css-1jnxvbp ColorGrid__picker-grid"
          data-test-box=""
          style="background-color: rgba(0, 0, 0, 0);"
        />
        <div
          class="css-1jnxvbp ColorGrid__picker-grid"
          data-test-box=""
          style="background-color: rgba(0, 0, 0, 0);"
        />
        <div
          class="css-1jnxvbp ColorGrid__picker-grid"
          data-test-box=""
          style="background-color: rgba(0, 0, 0, 0);"
        />
        <div
          class="css-1jnxvbp ColorGrid__picker-grid"
          data-test-box=""
          style="background-color: rgba(0, 0, 0, 0);"
        />
        <div
          class="css-1jnxvbp ColorGrid__picker-grid"
          data-test-box=""
          style="background-color: rgba(0, 0, 0, 0);"
        />
        <div
          class="css-1jnxvbp ColorGrid__picker-grid"
          data-test-box=""
          style="background-color: rgba(0, 0, 0, 0);"
        />
        <div
          class="css-1jnxvbp ColorGrid__picker-grid"
          data-test-box=""
          style="background-color: rgba(0, 0, 0, 0);"
        />
        <div
          class="css-1jnxvbp ColorGrid__picker-grid"
          data-test-box=""
          style="background-color: rgba(0, 0, 0, 0);"
        />
        <div
          class="css-1jnxvbp ColorGrid__picker-grid"
          data-test-box=""
          style="background-color: rgba(0, 0, 0, 0);"
        />
        <div
          class="css-1jnxvbp ColorGrid__picker-grid"
          data-test-box=""
          style="background-color: rgba(0, 0, 0, 0);"
        />
        <div
          class="css-1jnxvbp ColorGrid__picker-grid"
          data-test-box=""
          style="background-color: rgba(0, 0, 0, 0);"
        />
        <div
          class="css-1jnxvbp ColorGrid__picker-grid"
          data-test-box=""
          style="background-color: rgba(0, 0, 0, 0);"
        />
        <div
          class="css-1jnxvbp ColorGrid__picker-grid"
          data-test-box=""
          style="background-color: rgba(0, 0, 0, 0);"
        />
        <div
          class="css-1jnxvbp ColorGrid__picker-grid"
          data-test-box=""
          style="background-color: rgba(0, 0, 0, 0);"
        />
        <div
          class="css-1jnxvbp ColorGrid__picker-grid"
          data-test-box=""
          style="background-color: rgba(0, 0, 0, 0);"
        />
        <div
          class="css-1jnxvbp ColorGrid__picker-grid"
          data-test-box=""
          style="background-color: rgba(0, 0, 0, 0);"
        />
        <div
          class="css-1jnxvbp ColorGrid__picker-grid"
          data-test-box=""
          style="background-color: rgba(0, 0, 0, 0);"
        />
        <div
          class="css-1jnxvbp ColorGrid__picker-grid"
          data-test-box=""
          style="background-color: rgba(0, 0, 0, 0);"
        />
        <div
          class="css-1jnxvbp ColorGrid__picker-grid"
          data-test-box=""
          style="background-color: rgba(0, 0, 0, 0);"
        />
        <div
          class="css-1jnxvbp ColorGrid__picker-grid"
          data-test-box=""
          style="background-color: rgba(0, 0, 0, 0);"
        />
        <div
          class="css-1jnxvbp ColorGrid__picker-grid"
          data-test-box=""
          style="background-color: rgba(0, 0, 0, 0);"
        />
        <div
          class="css-1jnxvbp ColorGrid__picker-grid"
          data-test-box=""
          style="background-color: rgba(0, 0, 0, 0);"
        />
        <div
          class="css-1jnxvbp ColorGrid__picker-grid"
          data-test-box=""
          style="background-color: rgba(0, 0, 0, 0);"
        />
        <div
          class="css-1jnxvbp ColorGrid__picker-grid"
          data-test-box=""
          style="background-color: rgba(0, 0, 0, 0);"
        />
        <div
          class="css-1jnxvbp ColorGrid__picker-grid"
          data-test-box=""
          style="background-color: rgba(0, 0, 0, 0);"
        />
        <div
          class="css-1jnxvbp ColorGrid__picker-grid"
          data-test-box=""
          style="background-color: rgba(0, 0, 0, 0);"
        />
        <div
          class="css-1jnxvbp ColorGrid__picker-grid"
          data-test-box=""
          style="background-color: rgba(0, 0, 0, 0);"
        />
        <div
          class="css-1jnxvbp ColorGrid__picker-grid"
          data-test-box=""
          style="background-color: rgba(0, 0, 0, 0);"
        />
        <div
          class="css-1jnxvbp ColorGrid__picker-grid"
          data-test-box=""
          style="background-color: rgba(0, 0, 0, 0);"
        />
        <div
          class="css-1jnxvbp ColorGrid__picker-grid"
          data-test-box=""
          style="background-color: rgba(0, 0, 0, 0);"
        />
        <div
          class="css-1jnxvbp ColorGrid__picker-grid"
          data-test-box=""
          style="background-color: rgba(0, 0, 0, 0);"
        />
        <div
          class="css-1jnxvbp ColorGrid__picker-grid"
          data-test-box=""
          style="background-color: rgba(0, 0, 0, 0);"
        />
        <div
          class="css-1jnxvbp ColorGrid__picker-grid"
          data-test-box=""
          style="background-color: rgba(0, 0, 0, 0);"
        />
        <div
          class="css-1jnxvbp ColorGrid__picker-grid"
          data-test-box=""
          style="background-color: rgba(0, 0, 0, 0);"
        />
        <div
          class="css-1jnxvbp ColorGrid__picker-grid"
          data-test-box=""
          style="background-color: rgba(0, 0, 0, 0);"
        />
        <div
          class="css-1jnxvbp ColorGrid__picker-grid"
          data-test-box=""
          style="background-color: rgba(0, 0, 0, 0);"
        />
        <div
          class="css-1jnxvbp ColorGrid__picker-grid"
          data-test-box=""
          style="background-color: rgba(0, 0, 0, 0);"
        />
        <div
          class="css-1jnxvbp ColorGrid__picker-grid"
          data-test-box=""
          style="background-color: rgba(0, 0, 0, 0);"
        />
        <div
          class="css-1jnxvbp ColorGrid__picker-grid"
          data-test-box=""
          style="background-color: rgba(0, 0, 0, 0);"
        />
        <div
          class="css-1jnxvbp ColorGrid__picker-grid"
          data-test-box=""
          style="background-color: rgba(0, 0, 0, 0);"
        />
        <div
          class="css-1jnxvbp ColorGrid__picker-grid"
          data-test-box=""
          style="background-color: rgba(0, 0, 0, 0);"
        />
        <div
          class="css-1jnxvbp ColorGrid__picker-grid"
          data-test-box=""
          style="background-color: rgba(0, 0, 0, 0);"
        />
        <div
          class="css-1jnxvbp ColorGrid__picker-grid"
          data-test-box=""
          style="background-color: rgba(0, 0, 0, 0);"
        />
        <div
          class="css-1jnxvbp ColorGrid__picker-grid"
          data-test-box=""
          style="background-color: rgba(0, 0, 0, 0);"
        />
        <div
          class="css-1jnxvbp ColorGrid__picker-grid"
          data-test-box=""
          style="background-color: rgba(0, 0, 0, 0);"
        />
        <div
          class="css-1jnxvbp ColorGrid__picker-grid"
          data-test-box=""
          style="background-color: rgba(0, 0, 0, 0);"
        />
        <div
          class="css-1jnxvbp ColorGrid__picker-grid"
          data-test-box=""
          style="background-color: rgba(0, 0, 0, 0);"
        />
        <div
          class="css-1jnxvbp ColorGrid__picker-grid"
          data-test-box=""
          style="background-color: rgba(0, 0, 0, 0);"
        />
        <div
          class="css-1jnxvbp ColorGrid__picker-grid"
          data-test-box=""
          style="background-color: rgba(0, 0, 0, 0);"
        />
      </div>
      <div
        class="css-tnkbza ColorGrid__picker-target-color"
        data-test-box=""
      />
    </div>
    <div
      class="css-1jnxvbp"
      data-test-box=""
    >
      <div
        class="css-e5vky9 ColorResult"
        data-test-box=""
      >
        <div
          class="css-cc7zgu ColorResult__selected-color"
          data-test-box=""
          style="background-color: rgba(0, 0, 0, 0);"
        />
      </div>
      <div
        class="css-6642oy ColorPrompt"
        data-test-box=""
      >
        <div
          class="css-1jnxvbp Icon Icon--neutral1"
          data-test-icon="eyes-dropper"
          height="12"
          name="EyesDropper"
          width="12"
        />
        <small
          class="css-kw3w48 ColorPrompt__description Typography Typography--neutral1 Typography--regular Typography--normal Typography--small"
          data-test-text=""
          style="text-align: inherit;"
        >
          Click to sample
        </small>
      </div>
    </div>
  </div>
</DocumentFragment>
`;
