// Jest Snapshot v1, https://goo.gl/fbAQLP

exports[`AlignmentArea snapshots should render AlignmentArea 1`] = `
<DocumentFragment>
  <div
    class="AlignmentArea AlignmentArea"
    data-test-alignment-area=""
  >
    <div
      class="AlignmentOption"
      data-test-alignment-area-option="topLeft"
    >
      <div
        class="AlignmentOption__option-view AlignmentOption__option-view--topLeft"
      >
        <div
          class="AlignmentOption__indicator"
        />
        <div
          class="AlignmentOption__indicator"
        />
        <div
          class="AlignmentOption__indicator"
        />
      </div>
    </div>
    <div
      class="Tooltip"
    >
      <div
        class="Tooltip__content"
      >
        Align top left
        <div
          class="Tooltip__carrot Tooltip__carrot--top-center Icon Icon--neutral-1"
          data-test-icon="carrot-down"
          height="14"
          name="CarrotDown"
          width="10"
        />
      </div>
    </div>
    <div
      class="AlignmentOption"
      data-test-alignment-area-option="topCenter"
    >
      <div
        class="AlignmentOption__option-view AlignmentOption__option-view--top-center"
      >
        <div
          class="AlignmentOption__indicator"
        />
        <div
          class="AlignmentOption__indicator"
        />
        <div
          class="AlignmentOption__indicator"
        />
      </div>
    </div>
    <div
      class="Tooltip"
    >
      <div
        class="Tooltip__content"
      >
        Align top center
        <div
          class="Tooltip__carrot Tooltip__carrot--top-center Icon Icon--neutral-1"
          data-test-icon="carrot-down"
          height="14"
          name="CarrotDown"
          width="10"
        />
      </div>
    </div>
    <div
      class="AlignmentOption"
      data-test-alignment-area-option="topRight"
    >
      <div
        class="AlignmentOption__option-view AlignmentOption__option-view--top-right"
      >
        <div
          class="AlignmentOption__indicator"
        />
        <div
          class="AlignmentOption__indicator"
        />
        <div
          class="AlignmentOption__indicator"
        />
      </div>
    </div>
    <div
      class="Tooltip"
    >
      <div
        class="Tooltip__content"
      >
        Align top right
        <div
          class="Tooltip__carrot Tooltip__carrot--top-center Icon Icon--neutral-1"
          data-test-icon="carrot-down"
          height="14"
          name="CarrotDown"
          width="10"
        />
      </div>
    </div>
    <div
      class="AlignmentOption"
      data-test-alignment-area-option="left"
    >
      <div
        class="AlignmentOption__option-view AlignmentOption__option-view--left"
      >
        <div
          class="AlignmentOption__indicator"
        />
        <div
          class="AlignmentOption__indicator"
        />
        <div
          class="AlignmentOption__indicator"
        />
      </div>
    </div>
    <div
      class="Tooltip"
    >
      <div
        class="Tooltip__content"
      >
        Align left
        <div
          class="Tooltip__carrot Tooltip__carrot--top-center Icon Icon--neutral-1"
          data-test-icon="carrot-down"
          height="14"
          name="CarrotDown"
          width="10"
        />
      </div>
    </div>
    <div
      class="AlignmentOption"
      data-test-alignment-area-option="center"
    >
      <div
        class="AlignmentOption__option-view AlignmentOption__option-view--center"
      >
        <div
          class="AlignmentOption__indicator"
        />
        <div
          class="AlignmentOption__indicator"
        />
        <div
          class="AlignmentOption__indicator"
        />
      </div>
    </div>
    <div
      class="Tooltip"
    >
      <div
        class="Tooltip__content"
      >
        Align center
        <div
          class="Tooltip__carrot Tooltip__carrot--top-center Icon Icon--neutral-1"
          data-test-icon="carrot-down"
          height="14"
          name="CarrotDown"
          width="10"
        />
      </div>
    </div>
    <div
      class="AlignmentOption"
      data-test-alignment-area-option="right"
    >
      <div
        class="AlignmentOption__option-view AlignmentOption__option-view--right"
      >
        <div
          class="AlignmentOption__indicator"
        />
        <div
          class="AlignmentOption__indicator"
        />
        <div
          class="AlignmentOption__indicator"
        />
      </div>
    </div>
    <div
      class="Tooltip"
    >
      <div
        class="Tooltip__content"
      >
        Align right
        <div
          class="Tooltip__carrot Tooltip__carrot--top-center Icon Icon--neutral-1"
          data-test-icon="carrot-down"
          height="14"
          name="CarrotDown"
          width="10"
        />
      </div>
    </div>
    <div
      class="AlignmentOption"
      data-test-alignment-area-option="bottomLeft"
    >
      <div
        class="AlignmentOption__option-view AlignmentOption__option-view--bottomLeft"
      >
        <div
          class="AlignmentOption__indicator"
        />
        <div
          class="AlignmentOption__indicator"
        />
        <div
          class="AlignmentOption__indicator"
        />
      </div>
    </div>
    <div
      class="Tooltip"
    >
      <div
        class="Tooltip__content"
      >
        Align bottom left
        <div
          class="Tooltip__carrot Tooltip__carrot--top-center Icon Icon--neutral-1"
          data-test-icon="carrot-down"
          height="14"
          name="CarrotDown"
          width="10"
        />
      </div>
    </div>
    <div
      class="AlignmentOption AlignmentOption--selected"
      data-test-alignment-area-option="bottomCenter"
    >
      <div
        class="AlignmentOption__option-view AlignmentOption__option-view--bottom-center"
      >
        <div
          class="AlignmentOption__indicator AlignmentOption__indicator--selected"
        />
        <div
          class="AlignmentOption__indicator AlignmentOption__indicator--selected"
        />
        <div
          class="AlignmentOption__indicator AlignmentOption__indicator--selected"
        />
      </div>
    </div>
    <div
      class="Tooltip"
    >
      <div
        class="Tooltip__content"
      >
        Align bottom center
        <div
          class="Tooltip__carrot Tooltip__carrot--top-center Icon Icon--neutral-1"
          data-test-icon="carrot-down"
          height="14"
          name="CarrotDown"
          width="10"
        />
      </div>
    </div>
    <div
      class="AlignmentOption"
      data-test-alignment-area-option="bottomRight"
    >
      <div
        class="AlignmentOption__option-view AlignmentOption__option-view--bottom-right"
      >
        <div
          class="AlignmentOption__indicator"
        />
        <div
          class="AlignmentOption__indicator"
        />
        <div
          class="AlignmentOption__indicator"
        />
      </div>
    </div>
    <div
      class="Tooltip"
    >
      <div
        class="Tooltip__content"
      >
        Align bottom right
        <div
          class="Tooltip__carrot Tooltip__carrot--top-center Icon Icon--neutral-1"
          data-test-icon="carrot-down"
          height="14"
          name="CarrotDown"
          width="10"
        />
      </div>
    </div>
  </div>
</DocumentFragment>
`;
