// Jest Snapshot v1, https://goo.gl/fbAQLP

exports[`ViewBox snapshots should render ViewBox 1`] = `
<DocumentFragment>
  <div
    class="css-mu34gm ViewBox ViewBox--light ZoomBox ZoomBox--light ZoomBox--idle ZoomBox--idle--light ZoomBox--default ZoomBox--default--light"
    data-test-box="zoom-box"
    tabindex="0"
  >
    <div
      class="css-wcnq0t ZoomBox__background-mask ZoomBox__background-mask--light"
      data-test-box=""
      style="background-color: rgb(30, 38, 47); display: initial;"
    />
    <div
      class="css-wcnq0t ZoomBox__texture-blank ZoomBox__texture-blank--light"
      data-test-box=""
      style="transform: translate(0px, 0px) scale(1);"
    />
    <div
      class="css-fw1hyy ZoomBox__zoom-content ZoomBox__zoom-content--light"
      data-test-box=""
      style="transform: translate(0px, 0px) scale(1);"
    >
      <div
        class="css-wcnq0t Elements__element Elements__element--light Frame Frame--light Element Element--light"
        data-status="false"
        data-test-box=""
        id="mfmjnwh91758026628908"
        style="left: 500px; top: 299px; transform: rotate(0deg) translate(0, 0); background-color: rgb(255, 255, 255); height: 272px; position: absolute; width: 404px;"
      >
        <small
          class="css-wcnq0t Frame__label Frame__label--light Typography Typography--light Typography--neutral1 Typography--neutral1--light Typography--regular Typography--regular--light Typography--normal Typography--normal--light Typography--small Typography--small--light"
          data-test-text=""
          style="left: 500px; top: 299px; text-align: inherit;"
        >
          Frame
        </small>
      </div>
      <div
        class="css-13fj95k"
        data-test-box=""
        id="overlayContainer"
        style="z-index: var(--xd-page-builder-zindex-overlay-container);"
      />
    </div>
  </div>
</DocumentFragment>
`;
