// Jest Snapshot v1, https://goo.gl/fbAQLP

exports[`Tabs snapshots should render Tabs 1`] = `
<DocumentFragment>
  <div
    class="css-gu5024 Tabs Tabs--light"
    data-test-tabs=""
  >
    <div
      active=""
      class="css-17z9djj Tabs__tab Tabs__tab--light Tabs__tab--active Tabs__tab--active--light Tabs__tab--disabled Tabs__tab--disabled--light"
      data-test-tab="name"
    >
      label
    </div>
  </div>
</DocumentFragment>
`;
