// Jest Snapshot v1, https://goo.gl/fbAQLP

exports[`ColumnFill snapshots should render ColumnFill 1`] = `
<DocumentFragment>
  <div
    class="css-1jnxvbp DraggableSection"
    data-test-draggable-section=""
  >
    <div
      class="css-1jnxvbp DraggableSection__item"
      data-test-draggable-section-item="0"
    >
      <div
        class="css-1jnxvbp"
        data-test-box=""
        style="width: 100%;"
      >
        <div
          class="css-1jnxvbp FieldGroup"
          data-test-field-group="background-0"
          data-visible-color-picker-panel="false"
        >
          <div
            class="css-1jnxvbp ColorPicker__color-input TextField"
            data-test-text-field="color"
            data-test-tooltip=""
          >
            <div
              class="css-1jnxvbp TextFieldWrapper TextFieldWrapper--filled"
              data-test-text-field-wrapper="color"
            >
              <div
                aria-describedby="test-id"
                class="css-1jnxvbp"
                data-test-color="background-0"
              >
                <div
                  class="css-1axzf39 Color"
                  data-test-box=""
                >
                  <div
                    class="css-agg4zg Color__picker"
                    data-test-box=""
                    style="background-color: rgb(255, 255, 255);"
                  />
                  <div
                    class="css-agg4zg Color__picker-alpha"
                    data-test-box=""
                    style="background-color: rgb(255, 255, 255);"
                  />
                  <div
                    class="css-hnxq09 Color__picker-texture"
                    data-test-box=""
                  />
                </div>
              </div>
              <input
                class="TextFieldWrapper__input"
                data-test-text-field-input="color"
                maxlength="6"
                value="ffffff"
              />
            </div>
          </div>
          <div
            class="css-1jnxvbp ColorPicker__alpha-input TextField"
            data-test-text-field="alpha"
            data-test-tooltip=""
          >
            <div
              class="css-1jnxvbp TextFieldWrapper TextFieldWrapper--filled"
              data-test-text-field-wrapper="alpha"
            >
              <input
                class="TextFieldWrapper__input"
                data-test-text-field-input="alpha"
                max="100"
                maxlength="6"
                min="0"
                type="number"
                value="100"
              />
              <div
                class="css-e5vky9 ScrubbableInput"
                data-test-box=""
                data-test-scrubbable-input=""
              >
                <div
                  class="ColorPicker__alpha-input-unit"
                >
                  %
                </div>
              </div>
            </div>
          </div>
        </div>
      </div>
      <div
        class="css-1jnxvbp DraggableSectionContent"
        data-test-box=""
      >
        <div
          class="css-1jnxvbp ButtonIcon"
          data-test-button-icon="toggle-visibility"
          data-test-tooltip=""
        >
          <div
            class="css-1jnxvbp Icon Icon--neutral1"
            data-test-icon="eyes-opened"
            height="14"
            name="EyesOpened"
            width="14"
          />
        </div>
        <div
          class="Tooltip"
        >
          <div
            class="Tooltip__content"
          >
            Hide
            <div
              class="css-1jnxvbp Tooltip__carrot Tooltip__carrot--top-center Icon Icon--neutral1"
              data-test-icon="carrot-down"
              height="14"
              name="CarrotDown"
              width="10"
            />
          </div>
        </div>
        <div
          class="css-1jnxvbp ButtonIcon"
          data-test-button-icon="remove"
          data-test-tooltip=""
        >
          <div
            class="css-1jnxvbp Icon Icon--neutral1"
            data-test-icon="minus"
            height="14"
            name="Minus"
            width="14"
          />
        </div>
        <div
          class="Tooltip"
        >
          <div
            class="Tooltip__content"
          >
            Remove
            <div
              class="css-1jnxvbp Tooltip__carrot Tooltip__carrot--top-center Icon Icon--neutral1"
              data-test-icon="carrot-down"
              height="14"
              name="CarrotDown"
              width="10"
            />
          </div>
        </div>
      </div>
    </div>
  </div>
</DocumentFragment>
`;

exports[`ColumnFill snapshots should render when mixed 1`] = `
<DocumentFragment>
  <small
    class="css-1jnxvbp Typography Typography--neutral2 Typography--regular Typography--normal Typography--small"
    data-test-text=""
    style="font-size: 11px; user-select: none; text-align: inherit;"
  >
    Click + to replace mixed content
  </small>
</DocumentFragment>
`;
