// Jest Snapshot v1, https://goo.gl/fbAQLP

exports[`ColumnAlignment snapshots should render ColumnAlignment 1`] = `
<DocumentFragment>
  <div
    class="css-q0izro SectionColumn SectionColumn--light"
    data-test-section=""
  >
    <div
      class="SectionColumn__labels SectionColumn__labels--light"
      style="width: calc(100% - 24px - 0px - 8px);"
    >
      <small
        class="css-q0izro SectionColumn__label SectionColumn__label--light Typography Typography--light Typography--neutral1 Typography--neutral1--light Typography--regular Typography--regular--light Typography--normal Typography--normal--light Typography--small Typography--small--light"
        data-test-text=""
        style="text-align: inherit;"
      >
        Alignment
      </small>
    </div>
    <div
      class="SectionColumn__wrapper SectionColumn__wrapper--light"
    >
      <div
        class="SectionColumn__content SectionColumn__content--light"
        style="width: calc(100% - 24px - 0px - 8px);"
      >
        <div
          class="css-q0izro ButtonGroup ButtonGroup--light"
          data-test-button-group="horizontal-alignment"
        >
          <div
            class="ButtonGroup__button ButtonGroup__button--light ButtonGroup__button--disabled ButtonGroup__button--disabled--light"
            data-test-button-group-input="AlignHorizontalLeft"
          >
            <div
              class="css-q0izro ButtonGroup__icon ButtonGroup__icon--light ButtonGroup__icon--disabled ButtonGroup__icon--disabled--light Icon Icon--light Icon--neutral1 Icon--neutral1--light"
              data-test-icon="AlignHorizontalLeft"
              height="12"
              name="AlignHorizontalLeft"
              width="12"
            />
          </div>
          <div
            class="ButtonGroup__button ButtonGroup__button--light ButtonGroup__button--disabled ButtonGroup__button--disabled--light"
            data-test-button-group-input="AlignHorizontalCenter"
          >
            <div
              class="css-q0izro ButtonGroup__icon ButtonGroup__icon--light ButtonGroup__icon--disabled ButtonGroup__icon--disabled--light Icon Icon--light Icon--neutral1 Icon--neutral1--light"
              data-test-icon="AlignHorizontalCenter"
              height="12"
              name="AlignHorizontalCenter"
              width="12"
            />
          </div>
          <div
            class="ButtonGroup__button ButtonGroup__button--light ButtonGroup__button--disabled ButtonGroup__button--disabled--light"
            data-test-button-group-input="AlignHorizontalRight"
          >
            <div
              class="css-q0izro ButtonGroup__icon ButtonGroup__icon--light ButtonGroup__icon--disabled ButtonGroup__icon--disabled--light Icon Icon--light Icon--neutral1 Icon--neutral1--light"
              data-test-icon="AlignHorizontalRight"
              height="12"
              name="AlignHorizontalRight"
              width="12"
            />
          </div>
        </div>
        <div
          class="css-q0izro ButtonGroup ButtonGroup--light"
          data-test-button-group="vertical-alignment"
        >
          <div
            class="ButtonGroup__button ButtonGroup__button--light ButtonGroup__button--disabled ButtonGroup__button--disabled--light"
            data-test-button-group-input="AlignVerticalTop"
          >
            <div
              class="css-q0izro ButtonGroup__icon ButtonGroup__icon--light ButtonGroup__icon--disabled ButtonGroup__icon--disabled--light Icon Icon--light Icon--neutral1 Icon--neutral1--light"
              data-test-icon="AlignVerticalTop"
              height="12"
              name="AlignVerticalTop"
              width="12"
            />
          </div>
          <div
            class="ButtonGroup__button ButtonGroup__button--light ButtonGroup__button--disabled ButtonGroup__button--disabled--light"
            data-test-button-group-input="AlignVerticalCenter"
          >
            <div
              class="css-q0izro ButtonGroup__icon ButtonGroup__icon--light ButtonGroup__icon--disabled ButtonGroup__icon--disabled--light Icon Icon--light Icon--neutral1 Icon--neutral1--light"
              data-test-icon="AlignVerticalCenter"
              height="12"
              name="AlignVerticalCenter"
              width="12"
            />
          </div>
          <div
            class="ButtonGroup__button ButtonGroup__button--light ButtonGroup__button--disabled ButtonGroup__button--disabled--light"
            data-test-button-group-input="AlignVerticalBottom"
          >
            <div
              class="css-q0izro ButtonGroup__icon ButtonGroup__icon--light ButtonGroup__icon--disabled ButtonGroup__icon--disabled--light Icon Icon--light Icon--neutral1 Icon--neutral1--light"
              data-test-icon="AlignVerticalBottom"
              height="12"
              name="AlignVerticalBottom"
              width="12"
            />
          </div>
        </div>
      </div>
      <div
        class="SectionColumn__buttons SectionColumn__buttons--light"
      />
    </div>
  </div>
</DocumentFragment>
`;

exports[`ColumnAlignment snapshots should render when element is on position relative 1`] = `
<DocumentFragment>
  <div
    class="css-q0izro SectionColumn SectionColumn--light"
    data-test-section=""
  >
    <div
      class="SectionColumn__labels SectionColumn__labels--light"
      style="width: calc(100% - 24px - 0px - 8px);"
    >
      <small
        class="css-q0izro SectionColumn__label SectionColumn__label--light Typography Typography--light Typography--neutral1 Typography--neutral1--light Typography--regular Typography--regular--light Typography--normal Typography--normal--light Typography--small Typography--small--light"
        data-test-text=""
        style="text-align: inherit;"
      >
        Alignment
      </small>
    </div>
    <div
      class="SectionColumn__wrapper SectionColumn__wrapper--light"
    >
      <div
        class="SectionColumn__content SectionColumn__content--light"
        style="width: calc(100% - 24px - 0px - 8px);"
      >
        <div
          class="css-q0izro ButtonGroup ButtonGroup--light"
          data-test-button-group="horizontal-alignment"
        >
          <div
            class="ButtonGroup__button ButtonGroup__button--light ButtonGroup__button--disabled ButtonGroup__button--disabled--light"
            data-test-button-group-input="AlignHorizontalLeft"
          >
            <div
              class="css-q0izro ButtonGroup__icon ButtonGroup__icon--light ButtonGroup__icon--disabled ButtonGroup__icon--disabled--light Icon Icon--light Icon--neutral1 Icon--neutral1--light"
              data-test-icon="AlignHorizontalLeft"
              height="12"
              name="AlignHorizontalLeft"
              width="12"
            />
          </div>
          <div
            class="ButtonGroup__button ButtonGroup__button--light ButtonGroup__button--disabled ButtonGroup__button--disabled--light"
            data-test-button-group-input="AlignHorizontalCenter"
          >
            <div
              class="css-q0izro ButtonGroup__icon ButtonGroup__icon--light ButtonGroup__icon--disabled ButtonGroup__icon--disabled--light Icon Icon--light Icon--neutral1 Icon--neutral1--light"
              data-test-icon="AlignHorizontalCenter"
              height="12"
              name="AlignHorizontalCenter"
              width="12"
            />
          </div>
          <div
            class="ButtonGroup__button ButtonGroup__button--light ButtonGroup__button--disabled ButtonGroup__button--disabled--light"
            data-test-button-group-input="AlignHorizontalRight"
          >
            <div
              class="css-q0izro ButtonGroup__icon ButtonGroup__icon--light ButtonGroup__icon--disabled ButtonGroup__icon--disabled--light Icon Icon--light Icon--neutral1 Icon--neutral1--light"
              data-test-icon="AlignHorizontalRight"
              height="12"
              name="AlignHorizontalRight"
              width="12"
            />
          </div>
        </div>
        <div
          class="css-q0izro ButtonGroup ButtonGroup--light"
          data-test-button-group="vertical-alignment"
        >
          <div
            class="ButtonGroup__button ButtonGroup__button--light ButtonGroup__button--disabled ButtonGroup__button--disabled--light"
            data-test-button-group-input="AlignVerticalTop"
          >
            <div
              class="css-q0izro ButtonGroup__icon ButtonGroup__icon--light ButtonGroup__icon--disabled ButtonGroup__icon--disabled--light Icon Icon--light Icon--neutral1 Icon--neutral1--light"
              data-test-icon="AlignVerticalTop"
              height="12"
              name="AlignVerticalTop"
              width="12"
            />
          </div>
          <div
            class="ButtonGroup__button ButtonGroup__button--light ButtonGroup__button--disabled ButtonGroup__button--disabled--light"
            data-test-button-group-input="AlignVerticalCenter"
          >
            <div
              class="css-q0izro ButtonGroup__icon ButtonGroup__icon--light ButtonGroup__icon--disabled ButtonGroup__icon--disabled--light Icon Icon--light Icon--neutral1 Icon--neutral1--light"
              data-test-icon="AlignVerticalCenter"
              height="12"
              name="AlignVerticalCenter"
              width="12"
            />
          </div>
          <div
            class="ButtonGroup__button ButtonGroup__button--light ButtonGroup__button--disabled ButtonGroup__button--disabled--light"
            data-test-button-group-input="AlignVerticalBottom"
          >
            <div
              class="css-q0izro ButtonGroup__icon ButtonGroup__icon--light ButtonGroup__icon--disabled ButtonGroup__icon--disabled--light Icon Icon--light Icon--neutral1 Icon--neutral1--light"
              data-test-icon="AlignVerticalBottom"
              height="12"
              name="AlignVerticalBottom"
              width="12"
            />
          </div>
        </div>
      </div>
      <div
        class="SectionColumn__buttons SectionColumn__buttons--light"
      />
    </div>
  </div>
</DocumentFragment>
`;
