// Jest Snapshot v1, https://goo.gl/fbAQLP

exports[`ColumnAlignment snapshots should render ColumnAlignment 1`] = `
<DocumentFragment>
  <div
    class="css-1jnxvbp SectionColumn SectionColumn--light SectionColumn--withMargin SectionColumn--withMargin--light"
    data-test-section=""
  >
    <div
      class="css-xdzdnq SectionColumn__labels SectionColumn__labels--light"
      data-test-box=""
      style="width: calc(100% - 24px - 0px - 8px);"
    >
      <small
        class="css-1jnxvbp SectionColumn__label SectionColumn__label--light Typography Typography--light Typography--neutral1 Typography--neutral1--light Typography--regular Typography--regular--light Typography--normal Typography--normal--light Typography--small Typography--small--light"
        data-test-text=""
        style="text-align: inherit;"
      >
        Alignment
      </small>
    </div>
    <div
      class="css-1r00qlg"
      data-test-box=""
    >
      <div
        class="css-biptg5 SectionColumn__content SectionColumn__content--light SectionColumn__content--twoInputs SectionColumn__content--twoInputs--light"
        data-test-box=""
        style="width: calc(100% - 24px - 0px - 8px);"
      >
        <div
          class="css-1jnxvbp ButtonGroup ButtonGroup--light"
          data-test-button-group="horizontal-alignment"
        >
          <div
            class="ButtonGroup__button ButtonGroup__button--light ButtonGroup__button--disabled ButtonGroup__button--disabled--light"
            data-test-button-group-input="align-horizontal-left"
          >
            <div
              class="css-1jnxvbp ButtonGroup__icon ButtonGroup__icon--light ButtonGroup__icon--disabled ButtonGroup__icon--disabled--light Icon Icon--light Icon--neutral1 Icon--neutral1--light"
              data-test-icon="align-horizontal-left"
              height="12"
              name="AlignHorizontalLeft"
              width="12"
            />
          </div>
          <div
            class="Tooltip Tooltip--light"
          >
            <div
              class="Tooltip__content Tooltip__content--light"
            >
              Align left  AltA
              <div
                class="css-1jnxvbp Tooltip__carrot Tooltip__carrot--light Tooltip__carrot--topCenter Tooltip__carrot--topCenter--light Icon Icon--light Icon--neutral3 Icon--neutral3--light"
                data-test-icon="carrot-down"
                height="14"
                name="CarrotDown"
                width="10"
              />
            </div>
          </div>
          <div
            class="ButtonGroup__button ButtonGroup__button--light ButtonGroup__button--disabled ButtonGroup__button--disabled--light"
            data-test-button-group-input="align-horizontal-center"
          >
            <div
              class="css-1jnxvbp ButtonGroup__icon ButtonGroup__icon--light ButtonGroup__icon--disabled ButtonGroup__icon--disabled--light Icon Icon--light Icon--neutral1 Icon--neutral1--light"
              data-test-icon="align-horizontal-center"
              height="12"
              name="AlignHorizontalCenter"
              width="12"
            />
          </div>
          <div
            class="Tooltip Tooltip--light"
          >
            <div
              class="Tooltip__content Tooltip__content--light"
            >
              Align center  AltH
              <div
                class="css-1jnxvbp Tooltip__carrot Tooltip__carrot--light Tooltip__carrot--topCenter Tooltip__carrot--topCenter--light Icon Icon--light Icon--neutral3 Icon--neutral3--light"
                data-test-icon="carrot-down"
                height="14"
                name="CarrotDown"
                width="10"
              />
            </div>
          </div>
          <div
            class="ButtonGroup__button ButtonGroup__button--light ButtonGroup__button--disabled ButtonGroup__button--disabled--light"
            data-test-button-group-input="align-horizontal-right"
          >
            <div
              class="css-1jnxvbp ButtonGroup__icon ButtonGroup__icon--light ButtonGroup__icon--disabled ButtonGroup__icon--disabled--light Icon Icon--light Icon--neutral1 Icon--neutral1--light"
              data-test-icon="align-horizontal-right"
              height="12"
              name="AlignHorizontalRight"
              width="12"
            />
          </div>
          <div
            class="Tooltip Tooltip--light"
          >
            <div
              class="Tooltip__content Tooltip__content--light"
            >
              Align right  AltD
              <div
                class="css-1jnxvbp Tooltip__carrot Tooltip__carrot--light Tooltip__carrot--topCenter Tooltip__carrot--topCenter--light Icon Icon--light Icon--neutral3 Icon--neutral3--light"
                data-test-icon="carrot-down"
                height="14"
                name="CarrotDown"
                width="10"
              />
            </div>
          </div>
        </div>
        <div
          class="css-1jnxvbp ButtonGroup ButtonGroup--light"
          data-test-button-group="vertical-alignment"
        >
          <div
            class="ButtonGroup__button ButtonGroup__button--light ButtonGroup__button--disabled ButtonGroup__button--disabled--light"
            data-test-button-group-input="align-vertical-top"
          >
            <div
              class="css-1jnxvbp ButtonGroup__icon ButtonGroup__icon--light ButtonGroup__icon--disabled ButtonGroup__icon--disabled--light Icon Icon--light Icon--neutral1 Icon--neutral1--light"
              data-test-icon="align-vertical-top"
              height="12"
              name="AlignVerticalTop"
              width="12"
            />
          </div>
          <div
            class="Tooltip Tooltip--light"
          >
            <div
              class="Tooltip__content Tooltip__content--light"
            >
              Align top  AltW
              <div
                class="css-1jnxvbp Tooltip__carrot Tooltip__carrot--light Tooltip__carrot--topCenter Tooltip__carrot--topCenter--light Icon Icon--light Icon--neutral3 Icon--neutral3--light"
                data-test-icon="carrot-down"
                height="14"
                name="CarrotDown"
                width="10"
              />
            </div>
          </div>
          <div
            class="ButtonGroup__button ButtonGroup__button--light ButtonGroup__button--disabled ButtonGroup__button--disabled--light"
            data-test-button-group-input="align-vertical-center"
          >
            <div
              class="css-1jnxvbp ButtonGroup__icon ButtonGroup__icon--light ButtonGroup__icon--disabled ButtonGroup__icon--disabled--light Icon Icon--light Icon--neutral1 Icon--neutral1--light"
              data-test-icon="align-vertical-center"
              height="12"
              name="AlignVerticalCenter"
              width="12"
            />
          </div>
          <div
            class="Tooltip Tooltip--light"
          >
            <div
              class="Tooltip__content Tooltip__content--light"
            >
              Align center  AltV
              <div
                class="css-1jnxvbp Tooltip__carrot Tooltip__carrot--light Tooltip__carrot--topCenter Tooltip__carrot--topCenter--light Icon Icon--light Icon--neutral3 Icon--neutral3--light"
                data-test-icon="carrot-down"
                height="14"
                name="CarrotDown"
                width="10"
              />
            </div>
          </div>
          <div
            class="ButtonGroup__button ButtonGroup__button--light ButtonGroup__button--disabled ButtonGroup__button--disabled--light"
            data-test-button-group-input="align-vertical-bottom"
          >
            <div
              class="css-1jnxvbp ButtonGroup__icon ButtonGroup__icon--light ButtonGroup__icon--disabled ButtonGroup__icon--disabled--light Icon Icon--light Icon--neutral1 Icon--neutral1--light"
              data-test-icon="align-vertical-bottom"
              height="12"
              name="AlignVerticalBottom"
              width="12"
            />
          </div>
          <div
            class="Tooltip Tooltip--light"
          >
            <div
              class="Tooltip__content Tooltip__content--light"
            >
              Align bottom  AltS
              <div
                class="css-1jnxvbp Tooltip__carrot Tooltip__carrot--light Tooltip__carrot--topCenter Tooltip__carrot--topCenter--light Icon Icon--light Icon--neutral3 Icon--neutral3--light"
                data-test-icon="carrot-down"
                height="14"
                name="CarrotDown"
                width="10"
              />
            </div>
          </div>
        </div>
        <div
          class="css-2ro7w4 SectionColumn__inputConnector SectionColumn__inputConnector--light"
          data-test-box=""
        >
          <div
            class="css-1jnxvbp Icon Icon--light Icon--neutral3 Icon--neutral3--light"
            data-test-icon="inputs-connector"
            height="24"
            name="InputsConnector"
            width="24"
          />
        </div>
      </div>
      <div
        class="css-c1qms7"
        data-test-box=""
      />
    </div>
  </div>
</DocumentFragment>
`;

exports[`ColumnAlignment snapshots should render when element is on position relative 1`] = `
<DocumentFragment>
  <div
    class="css-1jnxvbp SectionColumn SectionColumn--light SectionColumn--withMargin SectionColumn--withMargin--light"
    data-test-section=""
  >
    <div
      class="css-xdzdnq SectionColumn__labels SectionColumn__labels--light"
      data-test-box=""
      style="width: calc(100% - 24px - 0px - 8px);"
    >
      <small
        class="css-1jnxvbp SectionColumn__label SectionColumn__label--light Typography Typography--light Typography--neutral1 Typography--neutral1--light Typography--regular Typography--regular--light Typography--normal Typography--normal--light Typography--small Typography--small--light"
        data-test-text=""
        style="text-align: inherit;"
      >
        Alignment
      </small>
    </div>
    <div
      class="css-1r00qlg"
      data-test-box=""
    >
      <div
        class="css-biptg5 SectionColumn__content SectionColumn__content--light SectionColumn__content--twoInputs SectionColumn__content--twoInputs--light"
        data-test-box=""
        style="width: calc(100% - 24px - 0px - 8px);"
      >
        <div
          class="css-1jnxvbp ButtonGroup ButtonGroup--light"
          data-test-button-group="horizontal-alignment"
        >
          <div
            class="ButtonGroup__button ButtonGroup__button--light ButtonGroup__button--disabled ButtonGroup__button--disabled--light"
            data-test-button-group-input="align-horizontal-left"
          >
            <div
              class="css-1jnxvbp ButtonGroup__icon ButtonGroup__icon--light ButtonGroup__icon--disabled ButtonGroup__icon--disabled--light Icon Icon--light Icon--neutral1 Icon--neutral1--light"
              data-test-icon="align-horizontal-left"
              height="12"
              name="AlignHorizontalLeft"
              width="12"
            />
          </div>
          <div
            class="Tooltip Tooltip--light"
          >
            <div
              class="Tooltip__content Tooltip__content--light"
            >
              Align left  AltA
              <div
                class="css-1jnxvbp Tooltip__carrot Tooltip__carrot--light Tooltip__carrot--topCenter Tooltip__carrot--topCenter--light Icon Icon--light Icon--neutral3 Icon--neutral3--light"
                data-test-icon="carrot-down"
                height="14"
                name="CarrotDown"
                width="10"
              />
            </div>
          </div>
          <div
            class="ButtonGroup__button ButtonGroup__button--light ButtonGroup__button--disabled ButtonGroup__button--disabled--light"
            data-test-button-group-input="align-horizontal-center"
          >
            <div
              class="css-1jnxvbp ButtonGroup__icon ButtonGroup__icon--light ButtonGroup__icon--disabled ButtonGroup__icon--disabled--light Icon Icon--light Icon--neutral1 Icon--neutral1--light"
              data-test-icon="align-horizontal-center"
              height="12"
              name="AlignHorizontalCenter"
              width="12"
            />
          </div>
          <div
            class="Tooltip Tooltip--light"
          >
            <div
              class="Tooltip__content Tooltip__content--light"
            >
              Align center  AltH
              <div
                class="css-1jnxvbp Tooltip__carrot Tooltip__carrot--light Tooltip__carrot--topCenter Tooltip__carrot--topCenter--light Icon Icon--light Icon--neutral3 Icon--neutral3--light"
                data-test-icon="carrot-down"
                height="14"
                name="CarrotDown"
                width="10"
              />
            </div>
          </div>
          <div
            class="ButtonGroup__button ButtonGroup__button--light ButtonGroup__button--disabled ButtonGroup__button--disabled--light"
            data-test-button-group-input="align-horizontal-right"
          >
            <div
              class="css-1jnxvbp ButtonGroup__icon ButtonGroup__icon--light ButtonGroup__icon--disabled ButtonGroup__icon--disabled--light Icon Icon--light Icon--neutral1 Icon--neutral1--light"
              data-test-icon="align-horizontal-right"
              height="12"
              name="AlignHorizontalRight"
              width="12"
            />
          </div>
          <div
            class="Tooltip Tooltip--light"
          >
            <div
              class="Tooltip__content Tooltip__content--light"
            >
              Align right  AltD
              <div
                class="css-1jnxvbp Tooltip__carrot Tooltip__carrot--light Tooltip__carrot--topCenter Tooltip__carrot--topCenter--light Icon Icon--light Icon--neutral3 Icon--neutral3--light"
                data-test-icon="carrot-down"
                height="14"
                name="CarrotDown"
                width="10"
              />
            </div>
          </div>
        </div>
        <div
          class="css-1jnxvbp ButtonGroup ButtonGroup--light"
          data-test-button-group="vertical-alignment"
        >
          <div
            class="ButtonGroup__button ButtonGroup__button--light ButtonGroup__button--disabled ButtonGroup__button--disabled--light"
            data-test-button-group-input="align-vertical-top"
          >
            <div
              class="css-1jnxvbp ButtonGroup__icon ButtonGroup__icon--light ButtonGroup__icon--disabled ButtonGroup__icon--disabled--light Icon Icon--light Icon--neutral1 Icon--neutral1--light"
              data-test-icon="align-vertical-top"
              height="12"
              name="AlignVerticalTop"
              width="12"
            />
          </div>
          <div
            class="Tooltip Tooltip--light"
          >
            <div
              class="Tooltip__content Tooltip__content--light"
            >
              Align top  AltW
              <div
                class="css-1jnxvbp Tooltip__carrot Tooltip__carrot--light Tooltip__carrot--topCenter Tooltip__carrot--topCenter--light Icon Icon--light Icon--neutral3 Icon--neutral3--light"
                data-test-icon="carrot-down"
                height="14"
                name="CarrotDown"
                width="10"
              />
            </div>
          </div>
          <div
            class="ButtonGroup__button ButtonGroup__button--light ButtonGroup__button--disabled ButtonGroup__button--disabled--light"
            data-test-button-group-input="align-vertical-center"
          >
            <div
              class="css-1jnxvbp ButtonGroup__icon ButtonGroup__icon--light ButtonGroup__icon--disabled ButtonGroup__icon--disabled--light Icon Icon--light Icon--neutral1 Icon--neutral1--light"
              data-test-icon="align-vertical-center"
              height="12"
              name="AlignVerticalCenter"
              width="12"
            />
          </div>
          <div
            class="Tooltip Tooltip--light"
          >
            <div
              class="Tooltip__content Tooltip__content--light"
            >
              Align center  AltV
              <div
                class="css-1jnxvbp Tooltip__carrot Tooltip__carrot--light Tooltip__carrot--topCenter Tooltip__carrot--topCenter--light Icon Icon--light Icon--neutral3 Icon--neutral3--light"
                data-test-icon="carrot-down"
                height="14"
                name="CarrotDown"
                width="10"
              />
            </div>
          </div>
          <div
            class="ButtonGroup__button ButtonGroup__button--light ButtonGroup__button--disabled ButtonGroup__button--disabled--light"
            data-test-button-group-input="align-vertical-bottom"
          >
            <div
              class="css-1jnxvbp ButtonGroup__icon ButtonGroup__icon--light ButtonGroup__icon--disabled ButtonGroup__icon--disabled--light Icon Icon--light Icon--neutral1 Icon--neutral1--light"
              data-test-icon="align-vertical-bottom"
              height="12"
              name="AlignVerticalBottom"
              width="12"
            />
          </div>
          <div
            class="Tooltip Tooltip--light"
          >
            <div
              class="Tooltip__content Tooltip__content--light"
            >
              Align bottom  AltS
              <div
                class="css-1jnxvbp Tooltip__carrot Tooltip__carrot--light Tooltip__carrot--topCenter Tooltip__carrot--topCenter--light Icon Icon--light Icon--neutral3 Icon--neutral3--light"
                data-test-icon="carrot-down"
                height="14"
                name="CarrotDown"
                width="10"
              />
            </div>
          </div>
        </div>
        <div
          class="css-2ro7w4 SectionColumn__inputConnector SectionColumn__inputConnector--light"
          data-test-box=""
        >
          <div
            class="css-1jnxvbp Icon Icon--light Icon--neutral3 Icon--neutral3--light"
            data-test-icon="inputs-connector"
            height="24"
            name="InputsConnector"
            width="24"
          />
        </div>
      </div>
      <div
        class="css-c1qms7"
        data-test-box=""
      />
    </div>
  </div>
</DocumentFragment>
`;
