// Jest Snapshot v1, https://goo.gl/fbAQLP

exports[`ColorPicker snapshots should render ColorPicker 1`] = `
<DocumentFragment>
  <div
    class="css-1jnxvbp FieldGroup FieldGroup--light"
    data-test-field-group=""
  >
    <div
      class="css-1jnxvbp ColorPicker__colorInput ColorPicker__colorInput--light TextField TextField--light"
      data-test-text-field="color"
      data-test-tooltip=""
    >
      <div
        class="css-1jnxvbp TextFieldLabel TextFieldLabel--light TextFieldLabel--filled TextFieldLabel--filled--light"
        data-test-box=""
      >
        <div
          aria-describedby="test-id"
          class="css-1jnxvbp"
          data-test-color=""
        >
          <div
            class="css-1axzf39 Color Color--light"
            data-test-box=""
          >
            <div
              class="css-agg4zg Color__picker Color__picker--light"
              data-test-box=""
              style="background-color: rgb(255, 255, 255);"
            />
            <div
              class="css-agg4zg Color__pickerAlpha Color__pickerAlpha--light"
              data-test-box=""
              style="background-color: rgb(255, 255, 255);"
            />
            <div
              class="css-hnxq09 Color__pickerTexture Color__pickerTexture--light"
              data-test-box=""
            />
          </div>
        </div>
        <input
          class="TextFieldLabel__input TextFieldLabel__input--light"
          data-test-text-field-input="color"
          maxlength="6"
          value="ffffff"
        />
      </div>
    </div>
    <div
      class="css-1jnxvbp ColorPicker__alphaInput ColorPicker__alphaInput--light TextField TextField--light"
      data-test-text-field="alpha"
      data-test-tooltip=""
    >
      <div
        class="css-1jnxvbp TextFieldLabel TextFieldLabel--light TextFieldLabel--filled TextFieldLabel--filled--light"
        data-test-box=""
      >
        <input
          class="TextFieldLabel__input TextFieldLabel__input--light"
          data-test-text-field-input="alpha"
          max="100"
          maxlength="6"
          min="0"
          type="number"
          value="100"
        />
        <div
          class="css-e5vky9 ScrubbableInput ScrubbableInput--light"
          data-test-box=""
          data-test-scrubbable-input=""
        >
          <div
            class="ColorPicker__alphaInputUnit ColorPicker__alphaInputUnit--light"
          >
            %
          </div>
        </div>
      </div>
    </div>
  </div>
</DocumentFragment>
`;
