// Jest Snapshot v1, https://goo.gl/fbAQLP

exports[`Design snapshots should render Design 1`] = `
<DocumentFragment>
  <div
    class="css-1jnxvbp Section Section--light"
    data-test-section=""
  >
    <div
      class="css-1jnxvbp SectionColumn SectionColumn--light"
      data-test-section=""
    >
      <div
        class="css-xdzdnq SectionColumnLabels SectionColumnLabels--light"
        data-test-box=""
        style="width: calc(100% - 48px - 2.5px - 8px);"
      />
      <div
        class="css-4ja0ji"
        data-test-box=""
      >
        <div
          class="css-biptg5 SectionColumnContent SectionColumnContent--light SectionColumnContent--single SectionColumnContent--single--light"
          data-test-box=""
          style="width: calc(100% - 48px - 2.5px - 8px);"
        >
          <small
            class="css-1jnxvbp Typography Typography--light Typography--neutral1 Typography--neutral1--light Typography--regular Typography--regular--light Typography--normal Typography--normal--light Typography--small Typography--small--light"
            data-test-text=""
            style="text-align: inherit;"
          >
            Frame
          </small>
        </div>
        <div
          class="css-1jnxvbp"
          data-test-box=""
        >
          <div
            class="css-c1qms7"
            data-test-box=""
          >
            <div
              class="css-1jnxvbp ButtonIcon ButtonIcon--light"
              data-test-button-icon=""
              data-test-tooltip=""
            >
              <div
                class="css-1jnxvbp Icon Icon--light Icon--neutral1 Icon--neutral1--light"
                data-test-icon="html-tag"
                height="14"
                name="HtmlTag"
                width="14"
              />
            </div>
            <div
              class="Tooltip Tooltip--light"
            >
              <div
                class="Tooltip__content Tooltip__content--light"
              >
                Toggle ready for dev status
                <div
                  class="css-1jnxvbp Tooltip__carrot Tooltip__carrot--light Tooltip__carrot--topCenter Tooltip__carrot--topCenter--light Icon Icon--light Icon--neutral1 Icon--neutral1--light"
                  data-test-icon="carrot-down"
                  height="14"
                  name="CarrotDown"
                  width="10"
                />
              </div>
            </div>
            <div
              class="css-1jnxvbp ButtonIcon ButtonIcon--light"
              data-test-button-icon=""
              data-test-tooltip=""
            >
              <div
                class="css-1jnxvbp Icon Icon--light Icon--neutral1 Icon--neutral1--light"
                data-test-icon="component"
                height="14"
                name="Component"
                width="14"
              />
            </div>
            <div
              class="Tooltip Tooltip--light"
            >
              <div
                class="Tooltip__content Tooltip__content--light"
              >
                Create component
                <div
                  class="css-1jnxvbp Tooltip__carrot Tooltip__carrot--light Tooltip__carrot--topCenter Tooltip__carrot--topCenter--light Icon Icon--light Icon--neutral1 Icon--neutral1--light"
                  data-test-icon="carrot-down"
                  height="14"
                  name="CarrotDown"
                  width="10"
                />
              </div>
            </div>
          </div>
        </div>
      </div>
    </div>
  </div>
  <div
    class="css-1jnxvbp Section Section--light"
    data-test-section=""
  >
    <div
      class="css-kp4ill"
      data-test-box=""
    >
      <small
        class="css-1jnxvbp Section__label Section__label--light Typography Typography--light Typography--neutral1 Typography--neutral1--light Typography--regular Typography--regular--light Typography--normal Typography--normal--light Typography--small Typography--small--light"
        data-test-text=""
        style="text-align: inherit;"
      >
        Position
      </small>
      <div
        class="css-1f1atqu"
        data-test-box=""
      />
    </div>
    <div
      class="css-1jnxvbp SectionColumn SectionColumn--light SectionColumn--withMargin SectionColumn--withMargin--light"
      data-test-section=""
    >
      <div
        class="css-xdzdnq SectionColumnLabels SectionColumnLabels--light"
        data-test-box=""
        style="width: calc(100% - 24px - 0px - 8px);"
      >
        <small
          class="css-1jnxvbp SectionColumnLabels__label SectionColumnLabels__label--light Typography Typography--light Typography--neutral1 Typography--neutral1--light Typography--regular Typography--regular--light Typography--normal Typography--normal--light Typography--small Typography--small--light"
          data-test-text=""
          style="text-align: inherit;"
        >
          Alignment
        </small>
      </div>
      <div
        class="css-4ja0ji"
        data-test-box=""
      >
        <div
          class="css-biptg5 SectionColumnContent SectionColumnContent--light SectionColumnContent--twoInputs SectionColumnContent--twoInputs--light"
          data-test-box=""
          style="width: calc(100% - 24px - 0px - 8px);"
        >
          <div
            class="css-1jnxvbp ButtonGroup ButtonGroup--light"
            data-test-button-group="horizontal-alignment"
          >
            <div
              class="ButtonGroup__button ButtonGroup__button--light ButtonGroup__button--disabled ButtonGroup__button--disabled--light"
              data-test-button-group-input="align-horizontal-left"
            >
              <div
                class="css-1jnxvbp ButtonGroup__icon ButtonGroup__icon--light ButtonGroup__icon--disabled ButtonGroup__icon--disabled--light Icon Icon--light Icon--neutral1 Icon--neutral1--light"
                data-test-icon="align-horizontal-left"
                height="12"
                name="AlignHorizontalLeft"
                width="12"
              />
            </div>
            <div
              class="Tooltip Tooltip--light"
            >
              <div
                class="Tooltip__content Tooltip__content--light"
              >
                Align left  ⌥A
                <div
                  class="css-1jnxvbp Tooltip__carrot Tooltip__carrot--light Tooltip__carrot--topCenter Tooltip__carrot--topCenter--light Icon Icon--light Icon--neutral1 Icon--neutral1--light"
                  data-test-icon="carrot-down"
                  height="14"
                  name="CarrotDown"
                  width="10"
                />
              </div>
            </div>
            <div
              class="ButtonGroup__button ButtonGroup__button--light ButtonGroup__button--disabled ButtonGroup__button--disabled--light"
              data-test-button-group-input="align-horizontal-center"
            >
              <div
                class="css-1jnxvbp ButtonGroup__icon ButtonGroup__icon--light ButtonGroup__icon--disabled ButtonGroup__icon--disabled--light Icon Icon--light Icon--neutral1 Icon--neutral1--light"
                data-test-icon="align-horizontal-center"
                height="12"
                name="AlignHorizontalCenter"
                width="12"
              />
            </div>
            <div
              class="Tooltip Tooltip--light"
            >
              <div
                class="Tooltip__content Tooltip__content--light"
              >
                Align center  ⌥H
                <div
                  class="css-1jnxvbp Tooltip__carrot Tooltip__carrot--light Tooltip__carrot--topCenter Tooltip__carrot--topCenter--light Icon Icon--light Icon--neutral1 Icon--neutral1--light"
                  data-test-icon="carrot-down"
                  height="14"
                  name="CarrotDown"
                  width="10"
                />
              </div>
            </div>
            <div
              class="ButtonGroup__button ButtonGroup__button--light ButtonGroup__button--disabled ButtonGroup__button--disabled--light"
              data-test-button-group-input="align-horizontal-right"
            >
              <div
                class="css-1jnxvbp ButtonGroup__icon ButtonGroup__icon--light ButtonGroup__icon--disabled ButtonGroup__icon--disabled--light Icon Icon--light Icon--neutral1 Icon--neutral1--light"
                data-test-icon="align-horizontal-right"
                height="12"
                name="AlignHorizontalRight"
                width="12"
              />
            </div>
            <div
              class="Tooltip Tooltip--light"
            >
              <div
                class="Tooltip__content Tooltip__content--light"
              >
                Align right  ⌥D
                <div
                  class="css-1jnxvbp Tooltip__carrot Tooltip__carrot--light Tooltip__carrot--topCenter Tooltip__carrot--topCenter--light Icon Icon--light Icon--neutral1 Icon--neutral1--light"
                  data-test-icon="carrot-down"
                  height="14"
                  name="CarrotDown"
                  width="10"
                />
              </div>
            </div>
          </div>
          <div
            class="css-1jnxvbp ButtonGroup ButtonGroup--light"
            data-test-button-group="vertical-alignment"
          >
            <div
              class="ButtonGroup__button ButtonGroup__button--light ButtonGroup__button--disabled ButtonGroup__button--disabled--light"
              data-test-button-group-input="align-vertical-top"
            >
              <div
                class="css-1jnxvbp ButtonGroup__icon ButtonGroup__icon--light ButtonGroup__icon--disabled ButtonGroup__icon--disabled--light Icon Icon--light Icon--neutral1 Icon--neutral1--light"
                data-test-icon="align-vertical-top"
                height="12"
                name="AlignVerticalTop"
                width="12"
              />
            </div>
            <div
              class="Tooltip Tooltip--light"
            >
              <div
                class="Tooltip__content Tooltip__content--light"
              >
                Align top  ⌥W
                <div
                  class="css-1jnxvbp Tooltip__carrot Tooltip__carrot--light Tooltip__carrot--topCenter Tooltip__carrot--topCenter--light Icon Icon--light Icon--neutral1 Icon--neutral1--light"
                  data-test-icon="carrot-down"
                  height="14"
                  name="CarrotDown"
                  width="10"
                />
              </div>
            </div>
            <div
              class="ButtonGroup__button ButtonGroup__button--light ButtonGroup__button--disabled ButtonGroup__button--disabled--light"
              data-test-button-group-input="align-vertical-center"
            >
              <div
                class="css-1jnxvbp ButtonGroup__icon ButtonGroup__icon--light ButtonGroup__icon--disabled ButtonGroup__icon--disabled--light Icon Icon--light Icon--neutral1 Icon--neutral1--light"
                data-test-icon="align-vertical-center"
                height="12"
                name="AlignVerticalCenter"
                width="12"
              />
            </div>
            <div
              class="Tooltip Tooltip--light"
            >
              <div
                class="Tooltip__content Tooltip__content--light"
              >
                Align center  ⌥V
                <div
                  class="css-1jnxvbp Tooltip__carrot Tooltip__carrot--light Tooltip__carrot--topCenter Tooltip__carrot--topCenter--light Icon Icon--light Icon--neutral1 Icon--neutral1--light"
                  data-test-icon="carrot-down"
                  height="14"
                  name="CarrotDown"
                  width="10"
                />
              </div>
            </div>
            <div
              class="ButtonGroup__button ButtonGroup__button--light ButtonGroup__button--disabled ButtonGroup__button--disabled--light"
              data-test-button-group-input="align-vertical-bottom"
            >
              <div
                class="css-1jnxvbp ButtonGroup__icon ButtonGroup__icon--light ButtonGroup__icon--disabled ButtonGroup__icon--disabled--light Icon Icon--light Icon--neutral1 Icon--neutral1--light"
                data-test-icon="align-vertical-bottom"
                height="12"
                name="AlignVerticalBottom"
                width="12"
              />
            </div>
            <div
              class="Tooltip Tooltip--light"
            >
              <div
                class="Tooltip__content Tooltip__content--light"
              >
                Align bottom  ⌥S
                <div
                  class="css-1jnxvbp Tooltip__carrot Tooltip__carrot--light Tooltip__carrot--topCenter Tooltip__carrot--topCenter--light Icon Icon--light Icon--neutral1 Icon--neutral1--light"
                  data-test-icon="carrot-down"
                  height="14"
                  name="CarrotDown"
                  width="10"
                />
              </div>
            </div>
          </div>
        </div>
        <div
          class="css-1jnxvbp"
          data-test-box=""
        >
          <div
            class="css-c1qms7"
            data-test-box=""
          />
        </div>
      </div>
    </div>
    <div
      class="css-1jnxvbp SectionColumn SectionColumn--light SectionColumn--withMargin SectionColumn--withMargin--light"
      data-test-section=""
    >
      <div
        class="css-xdzdnq SectionColumnLabels SectionColumnLabels--light"
        data-test-box=""
        style="width: calc(100% - 24px - 0px - 8px);"
      >
        <small
          class="css-1jnxvbp SectionColumnLabels__label SectionColumnLabels__label--light Typography Typography--light Typography--neutral1 Typography--neutral1--light Typography--regular Typography--regular--light Typography--normal Typography--normal--light Typography--small Typography--small--light"
          data-test-text=""
          style="text-align: inherit;"
        >
          Position
        </small>
      </div>
      <div
        class="css-4ja0ji"
        data-test-box=""
      >
        <div
          class="css-biptg5 SectionColumnContent SectionColumnContent--light SectionColumnContent--twoInputs SectionColumnContent--twoInputs--light"
          data-test-box=""
          style="width: calc(100% - 24px - 0px - 8px);"
        >
          <div
            class="css-1jnxvbp TextField TextField--light"
            data-test-text-field="x"
            data-test-tooltip=""
          >
            <div
              class="css-1jnxvbp TextFieldWrapper TextFieldWrapper--light TextFieldWrapper--fullWidth TextFieldWrapper--fullWidth--light TextFieldWrapper--filled TextFieldWrapper--filled--light"
              data-test-text-field-wrapper="x"
            >
              <div
                class="css-e5vky9 ScrubbableInput ScrubbableInput--light"
                data-test-box=""
                data-test-scrubbable-input="x"
              >
                <small
                  class="css-1jnxvbp Typography Typography--light Typography--neutral2 Typography--neutral2--light Typography--regular Typography--regular--light Typography--normal Typography--normal--light Typography--small Typography--small--light"
                  data-test-text=""
                  style="text-align: inherit;"
                >
                  X
                </small>
              </div>
              <input
                class="TextFieldWrapper__input TextFieldWrapper__input--light"
                data-test-text-field-input="x"
                maxlength="6"
                type="number"
                value="0"
              />
            </div>
          </div>
          <div
            class="Tooltip Tooltip--light"
          >
            <div
              class="Tooltip__content Tooltip__content--light"
            >
              X - position
              <div
                class="css-1jnxvbp Tooltip__carrot Tooltip__carrot--light Tooltip__carrot--topCenter Tooltip__carrot--topCenter--light Icon Icon--light Icon--neutral1 Icon--neutral1--light"
                data-test-icon="carrot-down"
                height="14"
                name="CarrotDown"
                width="10"
              />
            </div>
          </div>
          <div
            class="css-1jnxvbp TextField TextField--light"
            data-test-text-field="y"
            data-test-tooltip=""
          >
            <div
              class="css-1jnxvbp TextFieldWrapper TextFieldWrapper--light TextFieldWrapper--fullWidth TextFieldWrapper--fullWidth--light TextFieldWrapper--filled TextFieldWrapper--filled--light"
              data-test-text-field-wrapper="y"
            >
              <div
                class="css-e5vky9 ScrubbableInput ScrubbableInput--light"
                data-test-box=""
                data-test-scrubbable-input="y"
              >
                <small
                  class="css-1jnxvbp Typography Typography--light Typography--neutral2 Typography--neutral2--light Typography--regular Typography--regular--light Typography--normal Typography--normal--light Typography--small Typography--small--light"
                  data-test-text=""
                  style="text-align: inherit;"
                >
                  Y
                </small>
              </div>
              <input
                class="TextFieldWrapper__input TextFieldWrapper__input--light"
                data-test-text-field-input="y"
                maxlength="6"
                type="number"
                value="0"
              />
            </div>
          </div>
          <div
            class="Tooltip Tooltip--light"
          >
            <div
              class="Tooltip__content Tooltip__content--light"
            >
              Y - position
              <div
                class="css-1jnxvbp Tooltip__carrot Tooltip__carrot--light Tooltip__carrot--topCenter Tooltip__carrot--topCenter--light Icon Icon--light Icon--neutral1 Icon--neutral1--light"
                data-test-icon="carrot-down"
                height="14"
                name="CarrotDown"
                width="10"
              />
            </div>
          </div>
        </div>
        <div
          class="css-1jnxvbp"
          data-test-box=""
        >
          <div
            class="css-c1qms7"
            data-test-box=""
          />
        </div>
      </div>
    </div>
    <div
      class="css-1jnxvbp SectionColumn SectionColumn--light"
      data-test-section=""
    >
      <div
        class="css-xdzdnq SectionColumnLabels SectionColumnLabels--light"
        data-test-box=""
        style="width: calc(100% - 24px - 0px - 8px);"
      >
        <small
          class="css-1jnxvbp SectionColumnLabels__label SectionColumnLabels__label--light Typography Typography--light Typography--neutral1 Typography--neutral1--light Typography--regular Typography--regular--light Typography--normal Typography--normal--light Typography--small Typography--small--light"
          data-test-text=""
          style="text-align: inherit;"
        >
          Rotation
        </small>
      </div>
      <div
        class="css-4ja0ji"
        data-test-box=""
      >
        <div
          class="css-biptg5 SectionColumnContent SectionColumnContent--light SectionColumnContent--twoInputs SectionColumnContent--twoInputs--light"
          data-test-box=""
          style="width: calc(100% - 24px - 0px - 8px);"
        >
          <div
            class="css-1jnxvbp TextField TextField--light"
            data-test-text-field="angle"
            data-test-tooltip=""
          >
            <div
              class="css-1jnxvbp TextFieldWrapper TextFieldWrapper--light TextFieldWrapper--fullWidth TextFieldWrapper--fullWidth--light TextFieldWrapper--filled TextFieldWrapper--filled--light"
              data-test-text-field-wrapper="angle"
            >
              <div
                class="css-e5vky9 ScrubbableInput ScrubbableInput--light"
                data-test-box=""
                data-test-scrubbable-input="angle"
              >
                <div
                  class="css-1jnxvbp Icon Icon--light Icon--neutral2 Icon--neutral2--light"
                  data-test-icon="protractor"
                  height="8"
                  name="Protractor"
                  width="8"
                />
              </div>
              <input
                class="TextFieldWrapper__input TextFieldWrapper__input--light"
                data-test-text-field-input="angle"
                maxlength="6"
                type="text"
                value="0°"
              />
            </div>
          </div>
          <div
            class="Tooltip Tooltip--light"
          >
            <div
              class="Tooltip__content Tooltip__content--light"
            >
              Rotation
              <div
                class="css-1jnxvbp Tooltip__carrot Tooltip__carrot--light Tooltip__carrot--topCenter Tooltip__carrot--topCenter--light Icon Icon--light Icon--neutral1 Icon--neutral1--light"
                data-test-icon="carrot-down"
                height="14"
                name="CarrotDown"
                width="10"
              />
            </div>
          </div>
          <div
            class="css-1jnxvbp ButtonGroup ButtonGroup--light ButtonGroup--fullWidth ButtonGroup--fullWidth--light"
            data-test-button-group="layout-position"
          >
            <div
              class="ButtonGroup__button ButtonGroup__button--light"
              data-test-button-group-input="toggle-rotate"
            >
              <div
                class="css-1jnxvbp ButtonGroup__icon ButtonGroup__icon--light Icon Icon--light Icon--neutral1 Icon--neutral1--light"
                data-test-icon="toggle-rotate"
                height="12"
                name="ToggleRotate"
                width="12"
              />
            </div>
            <div
              class="Tooltip Tooltip--light"
            >
              <div
                class="Tooltip__content Tooltip__content--light"
              >
                Rotate 90° right
                <div
                  class="css-1jnxvbp Tooltip__carrot Tooltip__carrot--light Tooltip__carrot--topCenter Tooltip__carrot--topCenter--light Icon Icon--light Icon--neutral1 Icon--neutral1--light"
                  data-test-icon="carrot-down"
                  height="14"
                  name="CarrotDown"
                  width="10"
                />
              </div>
            </div>
            <div
              class="ButtonGroup__button ButtonGroup__button--light"
              data-test-button-group-input="flip-horizontal"
            >
              <div
                class="css-1jnxvbp ButtonGroup__icon ButtonGroup__icon--light Icon Icon--light Icon--neutral1 Icon--neutral1--light"
                data-test-icon="flip-horizontal"
                height="12"
                name="FlipHorizontal"
                width="12"
              />
            </div>
            <div
              class="Tooltip Tooltip--light"
            >
              <div
                class="Tooltip__content Tooltip__content--light"
              >
                Flip horizontal  ⇧H
                <div
                  class="css-1jnxvbp Tooltip__carrot Tooltip__carrot--light Tooltip__carrot--topCenter Tooltip__carrot--topCenter--light Icon Icon--light Icon--neutral1 Icon--neutral1--light"
                  data-test-icon="carrot-down"
                  height="14"
                  name="CarrotDown"
                  width="10"
                />
              </div>
            </div>
            <div
              class="ButtonGroup__button ButtonGroup__button--light"
              data-test-button-group-input="flip-vertical"
            >
              <div
                class="css-1jnxvbp ButtonGroup__icon ButtonGroup__icon--light Icon Icon--light Icon--neutral1 Icon--neutral1--light"
                data-test-icon="flip-vertical"
                height="12"
                name="FlipVertical"
                width="12"
              />
            </div>
            <div
              class="Tooltip Tooltip--light"
            >
              <div
                class="Tooltip__content Tooltip__content--light"
              >
                Flip vertical  ⇧V
                <div
                  class="css-1jnxvbp Tooltip__carrot Tooltip__carrot--light Tooltip__carrot--topCenter Tooltip__carrot--topCenter--light Icon Icon--light Icon--neutral1 Icon--neutral1--light"
                  data-test-icon="carrot-down"
                  height="14"
                  name="CarrotDown"
                  width="10"
                />
              </div>
            </div>
          </div>
        </div>
        <div
          class="css-1jnxvbp"
          data-test-box=""
        >
          <div
            class="css-c1qms7"
            data-test-box=""
          />
        </div>
      </div>
    </div>
  </div>
  <div
    class="css-1jnxvbp Section Section--light"
    data-test-section=""
  >
    <div
      class="css-kp4ill"
      data-test-box=""
    >
      <small
        class="css-1jnxvbp Section__label Section__label--light Typography Typography--light Typography--neutral1 Typography--neutral1--light Typography--regular Typography--regular--light Typography--normal Typography--normal--light Typography--small Typography--small--light"
        data-test-text=""
        style="text-align: inherit;"
      >
        Layout
      </small>
      <div
        class="css-1f1atqu"
        data-test-box=""
      >
        <div
          class="css-1jnxvbp ButtonIcon ButtonIcon--light"
          data-test-button-icon=""
          data-test-tooltip=""
        >
          <div
            class="css-1jnxvbp Icon Icon--light Icon--neutral1 Icon--neutral1--light"
            data-test-icon="fit-layout"
            height="14"
            name="FitLayout"
            width="14"
          />
        </div>
        <div
          class="Tooltip Tooltip--light"
        >
          <div
            class="Tooltip__content Tooltip__content--light"
          >
            Resize to fit  ⌥⌘⇧R
            <div
              class="css-1jnxvbp Tooltip__carrot Tooltip__carrot--light Tooltip__carrot--topCenter Tooltip__carrot--topCenter--light Icon Icon--light Icon--neutral1 Icon--neutral1--light"
              data-test-icon="carrot-down"
              height="14"
              name="CarrotDown"
              width="10"
            />
          </div>
        </div>
        <div
          class="css-1jnxvbp ButtonIcon ButtonIcon--light ButtonIcon--selected ButtonIcon--selected--light"
          data-test-button-icon=""
          data-test-tooltip=""
        >
          <div
            class="css-1jnxvbp Icon Icon--light Icon--blue1 Icon--blue1--light"
            data-test-icon="auto-layout"
            height="14"
            name="AutoLayout"
            width="14"
          />
        </div>
        <div
          class="Tooltip Tooltip--light"
        >
          <div
            class="Tooltip__content Tooltip__content--light"
          >
            Toggle auto layout  ⇧A
            <div
              class="css-1jnxvbp Tooltip__carrot Tooltip__carrot--light Tooltip__carrot--topCenter Tooltip__carrot--topCenter--light Icon Icon--light Icon--neutral1 Icon--neutral1--light"
              data-test-icon="carrot-down"
              height="14"
              name="CarrotDown"
              width="10"
            />
          </div>
        </div>
      </div>
    </div>
    <div
      class="css-1jnxvbp SectionColumn SectionColumn--light SectionColumn--withMargin SectionColumn--withMargin--light"
      data-test-section=""
    >
      <div
        class="css-xdzdnq SectionColumnLabels SectionColumnLabels--light"
        data-test-box=""
        style="width: calc(100% - 24px - 0px - 8px);"
      >
        <small
          class="css-1jnxvbp SectionColumnLabels__label SectionColumnLabels__label--light Typography Typography--light Typography--neutral1 Typography--neutral1--light Typography--regular Typography--regular--light Typography--normal Typography--normal--light Typography--small Typography--small--light"
          data-test-text=""
          style="text-align: inherit;"
        >
          Flow
        </small>
      </div>
      <div
        class="css-4ja0ji"
        data-test-box=""
      >
        <div
          class="css-biptg5 SectionColumnContent SectionColumnContent--light SectionColumnContent--single SectionColumnContent--single--light"
          data-test-box=""
          style="width: calc(100% - 24px - 0px - 8px);"
        >
          <div
            class="css-19um8c2 ToggleButtonGroup ToggleButtonGroup--light ToggleButtonGroup--fullWidth ToggleButtonGroup--fullWidth--light"
            data-test-box=""
            data-test-toggle-button-group="flow"
          >
            <button
              class="ToggleButton ToggleButton--light"
              data-test-toggle-button="0"
              type="button"
            >
              <div
                class="css-1jnxvbp Icon Icon--light Icon--neutral1 Icon--neutral1--light"
                data-test-icon="flow-default"
                height="12"
                name="FlowDefault"
                width="12"
              />
            </button>
            <div
              class="Tooltip Tooltip--light"
            >
              <div
                class="Tooltip__content Tooltip__content--light"
              >
                Free form
                <div
                  class="css-1jnxvbp Tooltip__carrot Tooltip__carrot--light Tooltip__carrot--topCenter Tooltip__carrot--topCenter--light Icon Icon--light Icon--neutral1 Icon--neutral1--light"
                  data-test-icon="carrot-down"
                  height="14"
                  name="CarrotDown"
                  width="10"
                />
              </div>
            </div>
            <button
              class="ToggleButton ToggleButton--light"
              data-test-toggle-button="1"
              type="button"
            >
              <div
                class="css-1jnxvbp Icon Icon--light Icon--neutral1 Icon--neutral1--light"
                data-test-icon="flow-vertical"
                height="12"
                name="FlowVertical"
                width="12"
              />
            </button>
            <div
              class="Tooltip Tooltip--light"
            >
              <div
                class="Tooltip__content Tooltip__content--light"
              >
                Vertical
                <div
                  class="css-1jnxvbp Tooltip__carrot Tooltip__carrot--light Tooltip__carrot--topCenter Tooltip__carrot--topCenter--light Icon Icon--light Icon--neutral1 Icon--neutral1--light"
                  data-test-icon="carrot-down"
                  height="14"
                  name="CarrotDown"
                  width="10"
                />
              </div>
            </div>
            <button
              class="ToggleButton ToggleButton--light ToggleButton--selected ToggleButton--selected--light"
              data-test-toggle-button="2"
              type="button"
            >
              <div
                class="css-1jnxvbp Icon Icon--light Icon--neutral1 Icon--neutral1--light"
                data-test-icon="flow-horizontal"
                height="12"
                name="FlowHorizontal"
                width="12"
              />
            </button>
            <div
              class="Tooltip Tooltip--light"
            >
              <div
                class="Tooltip__content Tooltip__content--light"
              >
                Horizontal
                <div
                  class="css-1jnxvbp Tooltip__carrot Tooltip__carrot--light Tooltip__carrot--topCenter Tooltip__carrot--topCenter--light Icon Icon--light Icon--neutral1 Icon--neutral1--light"
                  data-test-icon="carrot-down"
                  height="14"
                  name="CarrotDown"
                  width="10"
                />
              </div>
            </div>
            <button
              class="ToggleButton ToggleButton--light"
              data-test-toggle-button="3"
              type="button"
            >
              <div
                class="css-1jnxvbp Icon Icon--light Icon--neutral1 Icon--neutral1--light"
                data-test-icon="flow-grid"
                height="12"
                name="FlowGrid"
                width="12"
              />
            </button>
            <div
              class="Tooltip Tooltip--light"
            >
              <div
                class="Tooltip__content Tooltip__content--light"
              >
                Grid
                <div
                  class="css-1jnxvbp Tooltip__carrot Tooltip__carrot--light Tooltip__carrot--topCenter Tooltip__carrot--topCenter--light Icon Icon--light Icon--neutral1 Icon--neutral1--light"
                  data-test-icon="carrot-down"
                  height="14"
                  name="CarrotDown"
                  width="10"
                />
              </div>
            </div>
          </div>
        </div>
        <div
          class="css-1jnxvbp"
          data-test-box=""
        >
          <div
            class="css-c1qms7"
            data-test-box=""
          />
        </div>
      </div>
    </div>
    <div
      class="css-1jnxvbp SectionColumn SectionColumn--light SectionColumn--withMargin SectionColumn--withMargin--light"
      data-test-section=""
    >
      <div
        class="css-xdzdnq SectionColumnLabels SectionColumnLabels--light"
        data-test-box=""
        style="width: calc(100% - 24px - 0px - 8px);"
      >
        <small
          class="css-1jnxvbp SectionColumnLabels__label SectionColumnLabels__label--light Typography Typography--light Typography--neutral1 Typography--neutral1--light Typography--regular Typography--regular--light Typography--normal Typography--normal--light Typography--small Typography--small--light"
          data-test-text=""
          style="text-align: inherit;"
        >
          Resizing
        </small>
      </div>
      <div
        class="css-4ja0ji"
        data-test-box=""
      >
        <div
          class="css-biptg5 SectionColumnContent SectionColumnContent--light SectionColumnContent--twoInputs SectionColumnContent--twoInputs--light"
          data-test-box=""
          style="width: calc(100% - 24px - 0px - 8px);"
        >
          <div
            class="css-1jnxvbp TextField TextField--light"
            data-test-text-field="width"
            data-test-tooltip=""
          >
            <div
              class="css-1jnxvbp TextFieldWrapper TextFieldWrapper--light TextFieldWrapper--fullWidth TextFieldWrapper--fullWidth--light TextFieldWrapper--filled TextFieldWrapper--filled--light"
              data-test-text-field-wrapper="width"
            >
              <div
                class="css-e5vky9 ScrubbableInput ScrubbableInput--light"
                data-test-box=""
                data-test-scrubbable-input="width"
              >
                <small
                  class="css-1jnxvbp Typography Typography--light Typography--neutral2 Typography--neutral2--light Typography--regular Typography--regular--light Typography--normal Typography--normal--light Typography--small Typography--small--light"
                  data-test-text=""
                  style="text-align: inherit;"
                >
                  W
                </small>
              </div>
              <input
                class="TextFieldWrapper__input TextFieldWrapper__input--light"
                data-test-text-field-input="width"
                maxlength="6"
                type="text"
                value="100"
              />
              <div
                class="css-zcp5dz TextFieldPopover TextFieldPopover--light"
                data-test-box=""
              >
                <div
                  class="css-1jnxvbp TextFieldPopover__icon TextFieldPopover__icon--light TextFieldWrapper__icon TextFieldWrapper__icon--light Icon Icon--light Icon--clickable Icon--clickable--light"
                  data-test-icon="variant"
                  height="12"
                  name="Variant"
                  width="12"
                />
                <div
                  class="css-1c8p9kb Popover Popover--light"
                  data-test-box=""
                  data-test-popover="popover"
                  style="left: 0px; top: 0px;"
                >
                  <div
                    class="css-1wfopar PopoverItem PopoverItem--light"
                    data-test-box=""
                    data-test-popover-item="0"
                  >
                    <div
                      class="css-1jnxvbp PopoverItem__checkIcon PopoverItem__checkIcon--light PopoverItem__checkIcon--selected PopoverItem__checkIcon--selected--light Icon Icon--light Icon--neutral1 Icon--neutral1--light"
                      data-test-icon="check"
                      height="12"
                      name="Check"
                      width="12"
                    />
                    <div
                      class="css-1jnxvbp PopoverItem__icon PopoverItem__icon--light Icon Icon--light Icon--neutral1 Icon--neutral1--light"
                      data-test-icon="fixed-width"
                      height="12"
                      name="FixedWidth"
                      width="12"
                    />
                    <small
                      class="css-1jnxvbp PopoverItem__text PopoverItem__text--light Typography Typography--light Typography--neutral1 Typography--neutral1--light Typography--regular Typography--regular--light Typography--normal Typography--normal--light Typography--small Typography--small--light"
                      data-test-text=""
                      style="text-align: inherit;"
                    >
                      Fixed width
                    </small>
                  </div>
                  <div
                    class="css-1wfopar PopoverItem PopoverItem--light"
                    data-test-box=""
                    data-test-popover-item="1"
                  >
                    <div
                      class="css-1jnxvbp PopoverItem__checkIcon PopoverItem__checkIcon--light Icon Icon--light Icon--neutral1 Icon--neutral1--light"
                      data-test-icon="check"
                      height="12"
                      name="Check"
                      width="12"
                    />
                    <div
                      class="css-1jnxvbp PopoverItem__icon PopoverItem__icon--light Icon Icon--light Icon--neutral1 Icon--neutral1--light"
                      data-test-icon="auto-width"
                      height="12"
                      name="AutoWidth"
                      width="12"
                    />
                    <small
                      class="css-1jnxvbp PopoverItem__text PopoverItem__text--light Typography Typography--light Typography--neutral1 Typography--neutral1--light Typography--regular Typography--regular--light Typography--normal Typography--normal--light Typography--small Typography--small--light"
                      data-test-text=""
                      style="text-align: inherit;"
                    >
                      Auto width
                    </small>
                  </div>
                  <div
                    class="css-1wfopar PopoverItem PopoverItem--light"
                    data-test-box=""
                    data-test-popover-item="2"
                  >
                    <div
                      class="css-1jnxvbp PopoverItem__checkIcon PopoverItem__checkIcon--light Icon Icon--light Icon--neutral1 Icon--neutral1--light"
                      data-test-icon="check"
                      height="12"
                      name="Check"
                      width="12"
                    />
                    <div
                      class="css-1jnxvbp PopoverItem__icon PopoverItem__icon--light Icon Icon--light Icon--neutral1 Icon--neutral1--light"
                      data-test-icon="percentage"
                      height="12"
                      name="Percentage"
                      width="12"
                    />
                    <small
                      class="css-1jnxvbp PopoverItem__text PopoverItem__text--light Typography Typography--light Typography--neutral1 Typography--neutral1--light Typography--regular Typography--regular--light Typography--normal Typography--normal--light Typography--small Typography--small--light"
                      data-test-text=""
                      style="text-align: inherit;"
                    >
                      Percentage
                    </small>
                  </div>
                  <div
                    class="css-qef3st"
                    data-test-box=""
                  />
                  <div
                    class="css-1wfopar PopoverItem PopoverItem--light"
                    data-test-box=""
                    data-test-popover-item="3"
                  >
                    <div
                      class="css-1jnxvbp PopoverItem__checkIcon PopoverItem__checkIcon--light Icon Icon--light Icon--neutral1 Icon--neutral1--light"
                      data-test-icon="check"
                      height="12"
                      name="Check"
                      width="12"
                    />
                    <div
                      class="css-1jnxvbp PopoverItem__icon PopoverItem__icon--light Icon Icon--light Icon--neutral1 Icon--neutral1--light"
                      data-test-icon="min-width"
                      height="12"
                      name="MinWidth"
                      width="12"
                    />
                    <small
                      class="css-1jnxvbp PopoverItem__text PopoverItem__text--light Typography Typography--light Typography--neutral1 Typography--neutral1--light Typography--regular Typography--regular--light Typography--normal Typography--normal--light Typography--small Typography--small--light"
                      data-test-text=""
                      style="text-align: inherit;"
                    >
                      Add min width...
                    </small>
                  </div>
                  <div
                    class="css-1wfopar PopoverItem PopoverItem--light"
                    data-test-box=""
                    data-test-popover-item="4"
                  >
                    <div
                      class="css-1jnxvbp PopoverItem__checkIcon PopoverItem__checkIcon--light Icon Icon--light Icon--neutral1 Icon--neutral1--light"
                      data-test-icon="check"
                      height="12"
                      name="Check"
                      width="12"
                    />
                    <div
                      class="css-1jnxvbp PopoverItem__icon PopoverItem__icon--light Icon Icon--light Icon--neutral1 Icon--neutral1--light"
                      data-test-icon="max-width"
                      height="12"
                      name="MaxWidth"
                      width="12"
                    />
                    <small
                      class="css-1jnxvbp PopoverItem__text PopoverItem__text--light Typography Typography--light Typography--neutral1 Typography--neutral1--light Typography--regular Typography--regular--light Typography--normal Typography--normal--light Typography--small Typography--small--light"
                      data-test-text=""
                      style="text-align: inherit;"
                    >
                      Add max width...
                    </small>
                  </div>
                </div>
              </div>
            </div>
          </div>
          <div
            class="css-1jnxvbp TextField TextField--light"
            data-test-text-field="height"
            data-test-tooltip=""
          >
            <div
              class="css-1jnxvbp TextFieldWrapper TextFieldWrapper--light TextFieldWrapper--fullWidth TextFieldWrapper--fullWidth--light TextFieldWrapper--filled TextFieldWrapper--filled--light"
              data-test-text-field-wrapper="height"
            >
              <div
                class="css-e5vky9 ScrubbableInput ScrubbableInput--light"
                data-test-box=""
                data-test-scrubbable-input="height"
              >
                <small
                  class="css-1jnxvbp Typography Typography--light Typography--neutral2 Typography--neutral2--light Typography--regular Typography--regular--light Typography--normal Typography--normal--light Typography--small Typography--small--light"
                  data-test-text=""
                  style="text-align: inherit;"
                >
                  H
                </small>
              </div>
              <input
                class="TextFieldWrapper__input TextFieldWrapper__input--light"
                data-test-text-field-input="height"
                maxlength="6"
                type="text"
                value="100"
              />
              <div
                class="css-zcp5dz TextFieldPopover TextFieldPopover--light"
                data-test-box=""
              >
                <div
                  class="css-1jnxvbp TextFieldPopover__icon TextFieldPopover__icon--light TextFieldWrapper__icon TextFieldWrapper__icon--light Icon Icon--light Icon--clickable Icon--clickable--light"
                  data-test-icon="variant"
                  height="12"
                  name="Variant"
                  width="12"
                />
                <div
                  class="css-1c8p9kb Popover Popover--light"
                  data-test-box=""
                  data-test-popover="popover"
                  style="left: 0px; top: 0px;"
                >
                  <div
                    class="css-1wfopar PopoverItem PopoverItem--light"
                    data-test-box=""
                    data-test-popover-item="0"
                  >
                    <div
                      class="css-1jnxvbp PopoverItem__checkIcon PopoverItem__checkIcon--light PopoverItem__checkIcon--selected PopoverItem__checkIcon--selected--light Icon Icon--light Icon--neutral1 Icon--neutral1--light"
                      data-test-icon="check"
                      height="12"
                      name="Check"
                      width="12"
                    />
                    <div
                      class="css-1jnxvbp PopoverItem__icon PopoverItem__icon--light Icon Icon--light Icon--neutral1 Icon--neutral1--light"
                      data-test-icon="fixed-height"
                      height="12"
                      name="FixedHeight"
                      width="12"
                    />
                    <small
                      class="css-1jnxvbp PopoverItem__text PopoverItem__text--light Typography Typography--light Typography--neutral1 Typography--neutral1--light Typography--regular Typography--regular--light Typography--normal Typography--normal--light Typography--small Typography--small--light"
                      data-test-text=""
                      style="text-align: inherit;"
                    >
                      Fixed height
                    </small>
                  </div>
                  <div
                    class="css-1wfopar PopoverItem PopoverItem--light"
                    data-test-box=""
                    data-test-popover-item="1"
                  >
                    <div
                      class="css-1jnxvbp PopoverItem__checkIcon PopoverItem__checkIcon--light Icon Icon--light Icon--neutral1 Icon--neutral1--light"
                      data-test-icon="check"
                      height="12"
                      name="Check"
                      width="12"
                    />
                    <div
                      class="css-1jnxvbp PopoverItem__icon PopoverItem__icon--light Icon Icon--light Icon--neutral1 Icon--neutral1--light"
                      data-test-icon="auto-height"
                      height="12"
                      name="AutoHeight"
                      width="12"
                    />
                    <small
                      class="css-1jnxvbp PopoverItem__text PopoverItem__text--light Typography Typography--light Typography--neutral1 Typography--neutral1--light Typography--regular Typography--regular--light Typography--normal Typography--normal--light Typography--small Typography--small--light"
                      data-test-text=""
                      style="text-align: inherit;"
                    >
                      Auto height
                    </small>
                  </div>
                  <div
                    class="css-1wfopar PopoverItem PopoverItem--light"
                    data-test-box=""
                    data-test-popover-item="2"
                  >
                    <div
                      class="css-1jnxvbp PopoverItem__checkIcon PopoverItem__checkIcon--light Icon Icon--light Icon--neutral1 Icon--neutral1--light"
                      data-test-icon="check"
                      height="12"
                      name="Check"
                      width="12"
                    />
                    <div
                      class="css-1jnxvbp PopoverItem__icon PopoverItem__icon--light Icon Icon--light Icon--neutral1 Icon--neutral1--light"
                      data-test-icon="percentage"
                      height="12"
                      name="Percentage"
                      width="12"
                    />
                    <small
                      class="css-1jnxvbp PopoverItem__text PopoverItem__text--light Typography Typography--light Typography--neutral1 Typography--neutral1--light Typography--regular Typography--regular--light Typography--normal Typography--normal--light Typography--small Typography--small--light"
                      data-test-text=""
                      style="text-align: inherit;"
                    >
                      Percentage
                    </small>
                  </div>
                  <div
                    class="css-qef3st"
                    data-test-box=""
                  />
                  <div
                    class="css-1wfopar PopoverItem PopoverItem--light"
                    data-test-box=""
                    data-test-popover-item="3"
                  >
                    <div
                      class="css-1jnxvbp PopoverItem__checkIcon PopoverItem__checkIcon--light Icon Icon--light Icon--neutral1 Icon--neutral1--light"
                      data-test-icon="check"
                      height="12"
                      name="Check"
                      width="12"
                    />
                    <div
                      class="css-1jnxvbp PopoverItem__icon PopoverItem__icon--light Icon Icon--light Icon--neutral1 Icon--neutral1--light"
                      data-test-icon="min-height"
                      height="12"
                      name="MinHeight"
                      width="12"
                    />
                    <small
                      class="css-1jnxvbp PopoverItem__text PopoverItem__text--light Typography Typography--light Typography--neutral1 Typography--neutral1--light Typography--regular Typography--regular--light Typography--normal Typography--normal--light Typography--small Typography--small--light"
                      data-test-text=""
                      style="text-align: inherit;"
                    >
                      Add min height...
                    </small>
                  </div>
                  <div
                    class="css-1wfopar PopoverItem PopoverItem--light"
                    data-test-box=""
                    data-test-popover-item="4"
                  >
                    <div
                      class="css-1jnxvbp PopoverItem__checkIcon PopoverItem__checkIcon--light Icon Icon--light Icon--neutral1 Icon--neutral1--light"
                      data-test-icon="check"
                      height="12"
                      name="Check"
                      width="12"
                    />
                    <div
                      class="css-1jnxvbp PopoverItem__icon PopoverItem__icon--light Icon Icon--light Icon--neutral1 Icon--neutral1--light"
                      data-test-icon="max-height"
                      height="12"
                      name="MaxHeight"
                      width="12"
                    />
                    <small
                      class="css-1jnxvbp PopoverItem__text PopoverItem__text--light Typography Typography--light Typography--neutral1 Typography--neutral1--light Typography--regular Typography--regular--light Typography--normal Typography--normal--light Typography--small Typography--small--light"
                      data-test-text=""
                      style="text-align: inherit;"
                    >
                      Add max height...
                    </small>
                  </div>
                </div>
              </div>
            </div>
          </div>
        </div>
        <div
          class="css-1jnxvbp"
          data-test-box=""
        >
          <div
            class="css-c1qms7"
            data-test-box=""
          >
            <div
              class="css-1jnxvbp ButtonIcon ButtonIcon--light"
              data-test-button-icon="aspect-ratio"
              data-test-tooltip=""
            >
              <div
                class="css-1jnxvbp Icon Icon--light Icon--neutral1 Icon--neutral1--light"
                data-test-icon="aspect-ratio"
                height="14"
                name="AspectRatio"
                width="14"
              />
            </div>
            <div
              class="Tooltip Tooltip--light"
            >
              <div
                class="Tooltip__content Tooltip__content--light"
              >
                Look aspect ratio
                <div
                  class="css-1jnxvbp Tooltip__carrot Tooltip__carrot--light Tooltip__carrot--topCenter Tooltip__carrot--topCenter--light Icon Icon--light Icon--neutral1 Icon--neutral1--light"
                  data-test-icon="carrot-down"
                  height="14"
                  name="CarrotDown"
                  width="10"
                />
              </div>
            </div>
          </div>
        </div>
      </div>
    </div>
    <div
      class="css-1jnxvbp SectionColumn SectionColumn--light SectionColumn--withMargin SectionColumn--withMargin--light"
      data-test-section=""
    >
      <div
        class="css-xdzdnq SectionColumnLabels SectionColumnLabels--light"
        data-test-box=""
        style="width: calc(100% - 24px - 0px - 8px);"
      >
        <small
          class="css-1jnxvbp SectionColumnLabels__label SectionColumnLabels__label--light Typography Typography--light Typography--neutral1 Typography--neutral1--light Typography--regular Typography--regular--light Typography--normal Typography--normal--light Typography--small Typography--small--light"
          data-test-text=""
          style="text-align: inherit;"
        >
          Alignment
        </small>
        <small
          class="css-1jnxvbp SectionColumnLabels__label SectionColumnLabels__label--light Typography Typography--light Typography--neutral1 Typography--neutral1--light Typography--regular Typography--regular--light Typography--normal Typography--normal--light Typography--small Typography--small--light"
          data-test-text=""
          style="text-align: inherit;"
        >
          Gap
        </small>
      </div>
      <div
        class="css-4ja0ji"
        data-test-box=""
      >
        <div
          class="css-biptg5 SectionColumnContent SectionColumnContent--light SectionColumnContent--oneByTwo SectionColumnContent--oneByTwo--light"
          data-test-box=""
          style="width: calc(100% - 24px - 0px - 8px);"
        >
          <div
            class="css-1jnxvbp AlignmentArea AlignmentArea AlignmentArea--light"
            data-test-alignment-area="alignment-flow"
          >
            <div
              class="css-1jnxvbp AlignmentOption AlignmentOption--light"
              data-test-alignment-area-option="topLeft"
              data-test-box=""
            >
              <div
                class="css-1jnxvbp AlignmentOption__optionView AlignmentOption__optionView--light AlignmentOption__optionView--topLeft AlignmentOption__optionView--topLeft--light"
                data-test-box=""
              >
                <div
                  class="css-1jnxvbp AlignmentOption__indicator AlignmentOption__indicator--light"
                  data-test-box=""
                />
                <div
                  class="css-1jnxvbp AlignmentOption__indicator AlignmentOption__indicator--light"
                  data-test-box=""
                />
                <div
                  class="css-1jnxvbp AlignmentOption__indicator AlignmentOption__indicator--light"
                  data-test-box=""
                />
              </div>
            </div>
            <div
              class="Tooltip Tooltip--light"
            >
              <div
                class="Tooltip__content Tooltip__content--light"
              >
                Align top left
                <div
                  class="css-1jnxvbp Tooltip__carrot Tooltip__carrot--light Tooltip__carrot--topCenter Tooltip__carrot--topCenter--light Icon Icon--light Icon--neutral1 Icon--neutral1--light"
                  data-test-icon="carrot-down"
                  height="14"
                  name="CarrotDown"
                  width="10"
                />
              </div>
            </div>
            <div
              class="css-1jnxvbp AlignmentOption AlignmentOption--light"
              data-test-alignment-area-option="topCenter"
              data-test-box=""
            >
              <div
                class="css-1jnxvbp AlignmentOption__optionView AlignmentOption__optionView--light AlignmentOption__optionView--topCenter AlignmentOption__optionView--topCenter--light"
                data-test-box=""
              >
                <div
                  class="css-1jnxvbp AlignmentOption__indicator AlignmentOption__indicator--light"
                  data-test-box=""
                />
                <div
                  class="css-1jnxvbp AlignmentOption__indicator AlignmentOption__indicator--light"
                  data-test-box=""
                />
                <div
                  class="css-1jnxvbp AlignmentOption__indicator AlignmentOption__indicator--light"
                  data-test-box=""
                />
              </div>
            </div>
            <div
              class="Tooltip Tooltip--light"
            >
              <div
                class="Tooltip__content Tooltip__content--light"
              >
                Align top center
                <div
                  class="css-1jnxvbp Tooltip__carrot Tooltip__carrot--light Tooltip__carrot--topCenter Tooltip__carrot--topCenter--light Icon Icon--light Icon--neutral1 Icon--neutral1--light"
                  data-test-icon="carrot-down"
                  height="14"
                  name="CarrotDown"
                  width="10"
                />
              </div>
            </div>
            <div
              class="css-1jnxvbp AlignmentOption AlignmentOption--light"
              data-test-alignment-area-option="topRight"
              data-test-box=""
            >
              <div
                class="css-1jnxvbp AlignmentOption__optionView AlignmentOption__optionView--light AlignmentOption__optionView--topRight AlignmentOption__optionView--topRight--light"
                data-test-box=""
              >
                <div
                  class="css-1jnxvbp AlignmentOption__indicator AlignmentOption__indicator--light"
                  data-test-box=""
                />
                <div
                  class="css-1jnxvbp AlignmentOption__indicator AlignmentOption__indicator--light"
                  data-test-box=""
                />
                <div
                  class="css-1jnxvbp AlignmentOption__indicator AlignmentOption__indicator--light"
                  data-test-box=""
                />
              </div>
            </div>
            <div
              class="Tooltip Tooltip--light"
            >
              <div
                class="Tooltip__content Tooltip__content--light"
              >
                Align top right
                <div
                  class="css-1jnxvbp Tooltip__carrot Tooltip__carrot--light Tooltip__carrot--topCenter Tooltip__carrot--topCenter--light Icon Icon--light Icon--neutral1 Icon--neutral1--light"
                  data-test-icon="carrot-down"
                  height="14"
                  name="CarrotDown"
                  width="10"
                />
              </div>
            </div>
            <div
              class="css-1jnxvbp AlignmentOption AlignmentOption--light"
              data-test-alignment-area-option="left"
              data-test-box=""
            >
              <div
                class="css-1jnxvbp AlignmentOption__optionView AlignmentOption__optionView--light AlignmentOption__optionView--left AlignmentOption__optionView--left--light"
                data-test-box=""
              >
                <div
                  class="css-1jnxvbp AlignmentOption__indicator AlignmentOption__indicator--light"
                  data-test-box=""
                />
                <div
                  class="css-1jnxvbp AlignmentOption__indicator AlignmentOption__indicator--light"
                  data-test-box=""
                />
                <div
                  class="css-1jnxvbp AlignmentOption__indicator AlignmentOption__indicator--light"
                  data-test-box=""
                />
              </div>
            </div>
            <div
              class="Tooltip Tooltip--light"
            >
              <div
                class="Tooltip__content Tooltip__content--light"
              >
                Align left
                <div
                  class="css-1jnxvbp Tooltip__carrot Tooltip__carrot--light Tooltip__carrot--topCenter Tooltip__carrot--topCenter--light Icon Icon--light Icon--neutral1 Icon--neutral1--light"
                  data-test-icon="carrot-down"
                  height="14"
                  name="CarrotDown"
                  width="10"
                />
              </div>
            </div>
            <div
              class="css-1jnxvbp AlignmentOption AlignmentOption--light"
              data-test-alignment-area-option="center"
              data-test-box=""
            >
              <div
                class="css-1jnxvbp AlignmentOption__optionView AlignmentOption__optionView--light AlignmentOption__optionView--center AlignmentOption__optionView--center--light"
                data-test-box=""
              >
                <div
                  class="css-1jnxvbp AlignmentOption__indicator AlignmentOption__indicator--light"
                  data-test-box=""
                />
                <div
                  class="css-1jnxvbp AlignmentOption__indicator AlignmentOption__indicator--light"
                  data-test-box=""
                />
                <div
                  class="css-1jnxvbp AlignmentOption__indicator AlignmentOption__indicator--light"
                  data-test-box=""
                />
              </div>
            </div>
            <div
              class="Tooltip Tooltip--light"
            >
              <div
                class="Tooltip__content Tooltip__content--light"
              >
                Align center
                <div
                  class="css-1jnxvbp Tooltip__carrot Tooltip__carrot--light Tooltip__carrot--topCenter Tooltip__carrot--topCenter--light Icon Icon--light Icon--neutral1 Icon--neutral1--light"
                  data-test-icon="carrot-down"
                  height="14"
                  name="CarrotDown"
                  width="10"
                />
              </div>
            </div>
            <div
              class="css-1jnxvbp AlignmentOption AlignmentOption--light"
              data-test-alignment-area-option="right"
              data-test-box=""
            >
              <div
                class="css-1jnxvbp AlignmentOption__optionView AlignmentOption__optionView--light AlignmentOption__optionView--right AlignmentOption__optionView--right--light"
                data-test-box=""
              >
                <div
                  class="css-1jnxvbp AlignmentOption__indicator AlignmentOption__indicator--light"
                  data-test-box=""
                />
                <div
                  class="css-1jnxvbp AlignmentOption__indicator AlignmentOption__indicator--light"
                  data-test-box=""
                />
                <div
                  class="css-1jnxvbp AlignmentOption__indicator AlignmentOption__indicator--light"
                  data-test-box=""
                />
              </div>
            </div>
            <div
              class="Tooltip Tooltip--light"
            >
              <div
                class="Tooltip__content Tooltip__content--light"
              >
                Align right
                <div
                  class="css-1jnxvbp Tooltip__carrot Tooltip__carrot--light Tooltip__carrot--topCenter Tooltip__carrot--topCenter--light Icon Icon--light Icon--neutral1 Icon--neutral1--light"
                  data-test-icon="carrot-down"
                  height="14"
                  name="CarrotDown"
                  width="10"
                />
              </div>
            </div>
            <div
              class="css-1jnxvbp AlignmentOption AlignmentOption--light"
              data-test-alignment-area-option="bottomLeft"
              data-test-box=""
            >
              <div
                class="css-1jnxvbp AlignmentOption__optionView AlignmentOption__optionView--light AlignmentOption__optionView--bottomLeft AlignmentOption__optionView--bottomLeft--light"
                data-test-box=""
              >
                <div
                  class="css-1jnxvbp AlignmentOption__indicator AlignmentOption__indicator--light"
                  data-test-box=""
                />
                <div
                  class="css-1jnxvbp AlignmentOption__indicator AlignmentOption__indicator--light"
                  data-test-box=""
                />
                <div
                  class="css-1jnxvbp AlignmentOption__indicator AlignmentOption__indicator--light"
                  data-test-box=""
                />
              </div>
            </div>
            <div
              class="Tooltip Tooltip--light"
            >
              <div
                class="Tooltip__content Tooltip__content--light"
              >
                Align bottom left
                <div
                  class="css-1jnxvbp Tooltip__carrot Tooltip__carrot--light Tooltip__carrot--topCenter Tooltip__carrot--topCenter--light Icon Icon--light Icon--neutral1 Icon--neutral1--light"
                  data-test-icon="carrot-down"
                  height="14"
                  name="CarrotDown"
                  width="10"
                />
              </div>
            </div>
            <div
              class="css-1jnxvbp AlignmentOption AlignmentOption--light"
              data-test-alignment-area-option="bottomCenter"
              data-test-box=""
            >
              <div
                class="css-1jnxvbp AlignmentOption__optionView AlignmentOption__optionView--light AlignmentOption__optionView--bottomCenter AlignmentOption__optionView--bottomCenter--light"
                data-test-box=""
              >
                <div
                  class="css-1jnxvbp AlignmentOption__indicator AlignmentOption__indicator--light"
                  data-test-box=""
                />
                <div
                  class="css-1jnxvbp AlignmentOption__indicator AlignmentOption__indicator--light"
                  data-test-box=""
                />
                <div
                  class="css-1jnxvbp AlignmentOption__indicator AlignmentOption__indicator--light"
                  data-test-box=""
                />
              </div>
            </div>
            <div
              class="Tooltip Tooltip--light"
            >
              <div
                class="Tooltip__content Tooltip__content--light"
              >
                Align bottom center
                <div
                  class="css-1jnxvbp Tooltip__carrot Tooltip__carrot--light Tooltip__carrot--topCenter Tooltip__carrot--topCenter--light Icon Icon--light Icon--neutral1 Icon--neutral1--light"
                  data-test-icon="carrot-down"
                  height="14"
                  name="CarrotDown"
                  width="10"
                />
              </div>
            </div>
            <div
              class="css-1jnxvbp AlignmentOption AlignmentOption--light"
              data-test-alignment-area-option="bottomRight"
              data-test-box=""
            >
              <div
                class="css-1jnxvbp AlignmentOption__optionView AlignmentOption__optionView--light AlignmentOption__optionView--bottomRight AlignmentOption__optionView--bottomRight--light"
                data-test-box=""
              >
                <div
                  class="css-1jnxvbp AlignmentOption__indicator AlignmentOption__indicator--light"
                  data-test-box=""
                />
                <div
                  class="css-1jnxvbp AlignmentOption__indicator AlignmentOption__indicator--light"
                  data-test-box=""
                />
                <div
                  class="css-1jnxvbp AlignmentOption__indicator AlignmentOption__indicator--light"
                  data-test-box=""
                />
              </div>
            </div>
            <div
              class="Tooltip Tooltip--light"
            >
              <div
                class="Tooltip__content Tooltip__content--light"
              >
                Align bottom right
                <div
                  class="css-1jnxvbp Tooltip__carrot Tooltip__carrot--light Tooltip__carrot--topCenter Tooltip__carrot--topCenter--light Icon Icon--light Icon--neutral1 Icon--neutral1--light"
                  data-test-icon="carrot-down"
                  height="14"
                  name="CarrotDown"
                  width="10"
                />
              </div>
            </div>
          </div>
          <div
            class="css-1jnxvbp TextField TextField--light"
            data-test-text-field="column"
            data-test-tooltip=""
          >
            <div
              class="css-1jnxvbp TextFieldWrapper TextFieldWrapper--light TextFieldWrapper--fullWidth TextFieldWrapper--fullWidth--light TextFieldWrapper--filled TextFieldWrapper--filled--light"
              data-test-text-field-wrapper="column"
            >
              <div
                class="css-e5vky9 ScrubbableInput ScrubbableInput--light"
                data-test-box=""
                data-test-scrubbable-input="column"
              >
                <div
                  class="css-1jnxvbp Icon Icon--light Icon--neutral2 Icon--neutral2--light"
                  data-test-icon="gap-columns"
                  height="8"
                  name="GapColumns"
                  width="8"
                />
              </div>
              <input
                class="TextFieldWrapper__input TextFieldWrapper__input--light"
                data-test-text-field-input="column"
                maxlength="6"
                type="number"
                value="0"
              />
              <div
                class="css-zcp5dz TextFieldPopover TextFieldPopover--light"
                data-test-box=""
              >
                <div
                  class="css-1jnxvbp TextFieldPopover__icon TextFieldPopover__icon--light TextFieldWrapper__icon TextFieldWrapper__icon--light Icon Icon--light Icon--clickable Icon--clickable--light"
                  data-test-icon="variant"
                  height="12"
                  name="Variant"
                  width="12"
                />
                <div
                  class="css-1c8p9kb Popover Popover--light"
                  data-test-box=""
                  data-test-popover="popover"
                  style="left: 0px; top: 0px;"
                >
                  <div
                    class="css-1wfopar PopoverItem PopoverItem--light"
                    data-test-box=""
                    data-test-popover-item="0"
                  >
                    <div
                      class="css-1jnxvbp PopoverItem__checkIcon PopoverItem__checkIcon--light PopoverItem__checkIcon--selected PopoverItem__checkIcon--selected--light Icon Icon--light Icon--neutral1 Icon--neutral1--light"
                      data-test-icon="check"
                      height="12"
                      name="Check"
                      width="12"
                    />
                    <div
                      class="css-1jnxvbp PopoverItem__icon PopoverItem__icon--light Icon Icon--light Icon--neutral1 Icon--neutral1--light"
                      data-test-icon="gap-columns"
                      height="12"
                      name="GapColumns"
                      width="12"
                    />
                    <small
                      class="css-1jnxvbp PopoverItem__text PopoverItem__text--light Typography Typography--light Typography--neutral1 Typography--neutral1--light Typography--regular Typography--regular--light Typography--normal Typography--normal--light Typography--small Typography--small--light"
                      data-test-text=""
                      style="text-align: inherit;"
                    >
                      Fixed column gap (0)
                    </small>
                  </div>
                </div>
              </div>
            </div>
          </div>
          <div
            class="Tooltip Tooltip--light"
          >
            <div
              class="Tooltip__content Tooltip__content--light"
            >
              Gap between columns
              <div
                class="css-1jnxvbp Tooltip__carrot Tooltip__carrot--light Tooltip__carrot--topCenter Tooltip__carrot--topCenter--light Icon Icon--light Icon--neutral1 Icon--neutral1--light"
                data-test-icon="carrot-down"
                height="14"
                name="CarrotDown"
                width="10"
              />
            </div>
          </div>
        </div>
        <div
          class="css-1jnxvbp"
          data-test-box=""
        >
          <div
            class="css-c1qms7"
            data-test-box=""
          >
            <div
              class="css-1jnxvbp ButtonIcon ButtonIcon--light"
              data-test-button-icon="properties"
              data-test-tooltip=""
            >
              <div
                class="css-1jnxvbp Icon Icon--light Icon--neutral1 Icon--neutral1--light"
                data-test-icon="properties"
                height="14"
                name="Properties"
                width="14"
              />
              <div
                class="css-zcp5dz"
                data-test-box=""
              >
                <div
                  class="css-6wln18 Popover Popover--light"
                  data-test-box=""
                  data-test-popover="popover"
                  id="popoverAutoLayoutSettings"
                  style="width: 240px; left: 32.5px; top: 0px;"
                >
                  <div
                    class="css-1h1jb7x"
                    data-test-popover-header=""
                  >
                    <small
                      class="css-1jnxvbp Typography Typography--light Typography--neutral1 Typography--neutral1--light Typography--regular Typography--regular--light Typography--normal Typography--normal--light Typography--small Typography--small--light"
                      data-test-text=""
                      style="font-size: 11px; text-align: inherit;"
                    >
                      Auto layout settings
                    </small>
                    <div
                      class="css-1jnxvbp Icon Icon--light Icon--clickable Icon--clickable--light"
                      data-test-icon="close"
                      height="10"
                      name="Close"
                      width="10"
                    />
                  </div>
                  <div
                    class="css-1scdc72"
                    data-test-popover-preview=""
                  >
                    <p
                      class="css-1jnxvbp Typography Typography--light Typography--neutral1 Typography--neutral1--light Typography--regular Typography--regular--light Typography--normal Typography--normal--light Typography--p Typography--p--light"
                      data-test-text=""
                      style="opacity: 0.5; text-align: inherit;"
                    >
                      Preview
                    </p>
                  </div>
                  <div
                    class="css-1jnxvbp Select Select--light"
                    data-test-select="box-sizing"
                  >
                    <div
                      class="css-1jnxvbp TextField TextField--light"
                      data-test-text-field=""
                      data-test-tooltip=""
                    >
                      <small
                        class="css-1jnxvbp TextFieldLabel TextFieldLabel--light Typography Typography--light Typography--neutral1 Typography--neutral1--light Typography--regular Typography--regular--light Typography--normal Typography--normal--light Typography--small Typography--small--light"
                        data-test-text=""
                        style="text-align: inherit;"
                      >
                        Strokes
                      </small>
                      <div
                        class="css-1jnxvbp TextFieldWrapper TextFieldWrapper--light TextFieldWrapper--outlined TextFieldWrapper--outlined--light"
                        data-test-text-field-wrapper=""
                        style="width: 112px;"
                      >
                        <input
                          class="TextFieldWrapper__input TextFieldWrapper__input--light"
                          data-test-text-field-input=""
                          maxlength="6"
                          readonly=""
                          value="Excluded"
                        />
                        <div
                          class="css-1jnxvbp Icon Icon--light Icon--neutral1 Icon--neutral1--light"
                          data-test-icon="chevron-down"
                          height="5"
                          name="ChevronDown"
                          style="margin-right: 5px;"
                          width="8"
                        />
                      </div>
                    </div>
                  </div>
                </div>
              </div>
            </div>
            <div
              class="Tooltip Tooltip--light"
            >
              <div
                class="Tooltip__content Tooltip__content--light"
              >
                Auto layout settings
                <div
                  class="css-1jnxvbp Tooltip__carrot Tooltip__carrot--light Tooltip__carrot--topCenter Tooltip__carrot--topCenter--light Icon Icon--light Icon--neutral1 Icon--neutral1--light"
                  data-test-icon="carrot-down"
                  height="14"
                  name="CarrotDown"
                  width="10"
                />
              </div>
            </div>
          </div>
        </div>
      </div>
    </div>
    <div
      class="css-1jnxvbp SectionColumn SectionColumn--light SectionColumn--withMargin SectionColumn--withMargin--light"
      data-test-section=""
    >
      <div
        class="css-xdzdnq SectionColumnLabels SectionColumnLabels--light"
        data-test-box=""
        style="width: calc(100% - 24px - 0px - 8px);"
      >
        <small
          class="css-1jnxvbp SectionColumnLabels__label SectionColumnLabels__label--light Typography Typography--light Typography--neutral1 Typography--neutral1--light Typography--regular Typography--regular--light Typography--normal Typography--normal--light Typography--small Typography--small--light"
          data-test-text=""
          style="text-align: inherit;"
        >
          Padding
        </small>
      </div>
      <div
        class="css-4ja0ji"
        data-test-box=""
      >
        <div
          class="css-biptg5 SectionColumnContent SectionColumnContent--light SectionColumnContent--twoInputs SectionColumnContent--twoInputs--light"
          data-test-box=""
          style="width: calc(100% - 24px - 0px - 8px);"
        >
          <div
            class="css-1jnxvbp TextField TextField--light"
            data-test-text-field="padding-lr"
            data-test-tooltip=""
          >
            <div
              class="css-1jnxvbp TextFieldWrapper TextFieldWrapper--light TextFieldWrapper--fullWidth TextFieldWrapper--fullWidth--light TextFieldWrapper--filled TextFieldWrapper--filled--light"
              data-test-text-field-wrapper="padding-lr"
            >
              <div
                class="css-e5vky9 ScrubbableInput ScrubbableInput--light"
                data-test-box=""
                data-test-scrubbable-input="padding-lr"
              >
                <div
                  class="css-1jnxvbp Icon Icon--light Icon--neutral2 Icon--neutral2--light"
                  data-test-icon="padding-lr"
                  height="12"
                  name="PaddingLR"
                  width="12"
                />
              </div>
              <input
                class="TextFieldWrapper__input TextFieldWrapper__input--light"
                data-test-text-field-input="padding-lr"
                maxlength="6"
                type="text"
                value="0"
              />
              <div
                class="css-zcp5dz TextFieldPopover TextFieldPopover--light"
                data-test-box=""
              >
                <div
                  class="css-1jnxvbp TextFieldPopover__icon TextFieldPopover__icon--light TextFieldWrapper__icon TextFieldWrapper__icon--light Icon Icon--light Icon--clickable Icon--clickable--light"
                  data-test-icon="variant"
                  height="12"
                  name="Variant"
                  width="12"
                />
                <div
                  class="css-1c8p9kb Popover Popover--light"
                  data-test-box=""
                  data-test-popover="popover"
                  style="left: 0px; top: 0px;"
                >
                  <div
                    class="css-1wfopar PopoverItem PopoverItem--light"
                    data-test-box=""
                    data-test-popover-item="0"
                  >
                    <div
                      class="css-1jnxvbp PopoverItem__checkIcon PopoverItem__checkIcon--light PopoverItem__checkIcon--selected PopoverItem__checkIcon--selected--light Icon Icon--light Icon--neutral1 Icon--neutral1--light"
                      data-test-icon="check"
                      height="12"
                      name="Check"
                      width="12"
                    />
                    <div
                      class="css-1jnxvbp PopoverItem__icon PopoverItem__icon--light Icon Icon--light Icon--neutral1 Icon--neutral1--light"
                      data-test-icon="padding-lr"
                      height="12"
                      name="PaddingLR"
                      width="12"
                    />
                    <small
                      class="css-1jnxvbp PopoverItem__text PopoverItem__text--light Typography Typography--light Typography--neutral1 Typography--neutral1--light Typography--regular Typography--regular--light Typography--normal Typography--normal--light Typography--small Typography--small--light"
                      data-test-text=""
                      style="text-align: inherit;"
                    >
                      Fixed padding left/right (0)
                    </small>
                  </div>
                </div>
              </div>
            </div>
          </div>
          <div
            class="Tooltip Tooltip--light"
          >
            <div
              class="Tooltip__content Tooltip__content--light"
            >
              Horizontal padding
              <div
                class="css-1jnxvbp Tooltip__carrot Tooltip__carrot--light Tooltip__carrot--topCenter Tooltip__carrot--topCenter--light Icon Icon--light Icon--neutral1 Icon--neutral1--light"
                data-test-icon="carrot-down"
                height="14"
                name="CarrotDown"
                width="10"
              />
            </div>
          </div>
          <div
            class="css-1jnxvbp TextField TextField--light"
            data-test-text-field="padding-tb"
            data-test-tooltip=""
          >
            <div
              class="css-1jnxvbp TextFieldWrapper TextFieldWrapper--light TextFieldWrapper--fullWidth TextFieldWrapper--fullWidth--light TextFieldWrapper--filled TextFieldWrapper--filled--light"
              data-test-text-field-wrapper="padding-tb"
            >
              <div
                class="css-e5vky9 ScrubbableInput ScrubbableInput--light"
                data-test-box=""
                data-test-scrubbable-input="padding-tb"
              >
                <div
                  class="css-1jnxvbp Icon Icon--light Icon--neutral2 Icon--neutral2--light"
                  data-test-icon="padding-tb"
                  height="12"
                  name="PaddingTB"
                  width="12"
                />
              </div>
              <input
                class="TextFieldWrapper__input TextFieldWrapper__input--light"
                data-test-text-field-input="padding-tb"
                maxlength="6"
                type="text"
                value="0"
              />
              <div
                class="css-zcp5dz TextFieldPopover TextFieldPopover--light"
                data-test-box=""
              >
                <div
                  class="css-1jnxvbp TextFieldPopover__icon TextFieldPopover__icon--light TextFieldWrapper__icon TextFieldWrapper__icon--light Icon Icon--light Icon--clickable Icon--clickable--light"
                  data-test-icon="variant"
                  height="12"
                  name="Variant"
                  width="12"
                />
                <div
                  class="css-1c8p9kb Popover Popover--light"
                  data-test-box=""
                  data-test-popover="popover"
                  style="left: 0px; top: 0px;"
                >
                  <div
                    class="css-1wfopar PopoverItem PopoverItem--light"
                    data-test-box=""
                    data-test-popover-item="0"
                  >
                    <div
                      class="css-1jnxvbp PopoverItem__checkIcon PopoverItem__checkIcon--light PopoverItem__checkIcon--selected PopoverItem__checkIcon--selected--light Icon Icon--light Icon--neutral1 Icon--neutral1--light"
                      data-test-icon="check"
                      height="12"
                      name="Check"
                      width="12"
                    />
                    <div
                      class="css-1jnxvbp PopoverItem__icon PopoverItem__icon--light Icon Icon--light Icon--neutral1 Icon--neutral1--light"
                      data-test-icon="padding-tb"
                      height="12"
                      name="PaddingTB"
                      width="12"
                    />
                    <small
                      class="css-1jnxvbp PopoverItem__text PopoverItem__text--light Typography Typography--light Typography--neutral1 Typography--neutral1--light Typography--regular Typography--regular--light Typography--normal Typography--normal--light Typography--small Typography--small--light"
                      data-test-text=""
                      style="text-align: inherit;"
                    >
                      Fixed padding top/bottom (0)
                    </small>
                  </div>
                </div>
              </div>
            </div>
          </div>
          <div
            class="Tooltip Tooltip--light"
          >
            <div
              class="Tooltip__content Tooltip__content--light"
            >
              Vertical padding
              <div
                class="css-1jnxvbp Tooltip__carrot Tooltip__carrot--light Tooltip__carrot--topCenter Tooltip__carrot--topCenter--light Icon Icon--light Icon--neutral1 Icon--neutral1--light"
                data-test-icon="carrot-down"
                height="14"
                name="CarrotDown"
                width="10"
              />
            </div>
          </div>
        </div>
        <div
          class="css-1jnxvbp"
          data-test-box=""
        >
          <div
            class="css-c1qms7"
            data-test-box=""
          >
            <div
              class="css-1jnxvbp ButtonIcon ButtonIcon--light"
              data-test-button-icon="insets-mode"
              data-test-tooltip=""
            >
              <div
                class="css-1jnxvbp Icon Icon--light Icon--neutral1 Icon--neutral1--light"
                data-test-icon="individual-insets"
                height="14"
                name="IndividualInsets"
                width="14"
              />
            </div>
            <div
              class="Tooltip Tooltip--light"
            >
              <div
                class="Tooltip__content Tooltip__content--light"
              >
                Individual padding
                <div
                  class="css-1jnxvbp Tooltip__carrot Tooltip__carrot--light Tooltip__carrot--topCenter Tooltip__carrot--topCenter--light Icon Icon--light Icon--neutral1 Icon--neutral1--light"
                  data-test-icon="carrot-down"
                  height="14"
                  name="CarrotDown"
                  width="10"
                />
              </div>
            </div>
          </div>
        </div>
      </div>
    </div>
    <div
      class="css-1jnxvbp SectionColumn SectionColumn--light SectionColumn--withMargin SectionColumn--withMargin--light"
      data-test-section=""
    >
      <div
        class="css-xdzdnq SectionColumnLabels SectionColumnLabels--light"
        data-test-box=""
        style="width: calc(100% - 24px - 0px - 8px);"
      />
      <div
        class="css-4ja0ji"
        data-test-box=""
      >
        <div
          class="css-biptg5 SectionColumnContent SectionColumnContent--light SectionColumnContent--single SectionColumnContent--single--light"
          data-test-box=""
          style="width: calc(100% - 24px - 0px - 8px);"
        >
          <div
            class="css-1jnxvbp Checkbox Checkbox--light"
            data-test-checkbox="clip-content"
          >
            <input
              class="Checkbox__input Checkbox__input--light"
              data-test-checkbox-input="clip-content"
              type="checkbox"
            />
            <div
              class="css-1jnxvbp Checkbox__inputWrapper Checkbox__inputWrapper--light"
              data-test-box=""
            >
              <div
                class="css-1jnxvbp Icon Icon--light Icon--neutral1 Icon--neutral1--light"
                data-test-icon="checkbox"
                height="8"
                name="Checkbox"
                width="8"
              />
            </div>
            <small
              class="css-1jnxvbp Checkbox__label Checkbox__label--light Typography Typography--light Typography--neutral1 Typography--neutral1--light Typography--regular Typography--regular--light Typography--normal Typography--normal--light Typography--small Typography--small--light"
              data-test-text=""
              style="text-align: inherit;"
            >
              Clip content
            </small>
          </div>
        </div>
        <div
          class="css-1jnxvbp"
          data-test-box=""
        >
          <div
            class="css-c1qms7"
            data-test-box=""
          />
        </div>
      </div>
    </div>
  </div>
</DocumentFragment>
`;
