// Jest Snapshot v1, https://goo.gl/fbAQLP

exports[`ColumnPadding snapshots should render ColumnPadding 1`] = `
<DocumentFragment>
  <div
    class="SectionColumn SectionColumn--with-bottom-margin"
    data-test-section=""
  >
    <div
      class="SectionColumnLabels"
      style="width: calc(100% - 24px - 0px - 8px);"
    >
      <small
        class="css-1jnxvbp SectionColumnLabels__label Typography Typography--neutral-1 Typography--regular Typography--normal Typography--small"
        data-test-text=""
        style="text-align: inherit;"
      >
        Padding
      </small>
    </div>
    <div
      class="SectionColumn__row"
    >
      <div
        class="SectionColumnContent SectionColumnContent--two-inputs"
        style="width: calc(100% - 24px - 0px - 8px);"
      >
        <div
          class="TextField"
          data-test-text-field="padding-lr"
          data-test-tooltip=""
        >
          <div
            class="TextFieldWrapper TextFieldWrapper--filled TextFieldWrapper--full-width"
            data-test-text-field-wrapper="padding-lr"
          >
            <div
              class="ScrubbableInput"
              data-test-scrubbable-input="padding-lr"
            >
              <div
                class="css-1jnxvbp Icon Icon--neutral-2"
                data-test-icon="padding-lr"
                height="12"
                name="PaddingLR"
                width="12"
              />
            </div>
            <input
              class="TextFieldWrapper__input"
              data-test-text-field-input="padding-lr"
              maxlength="6"
              type="text"
              value="0"
            />
            <div
              class="TextFieldPopover"
            >
              <div
                class="css-1jnxvbp TextFieldPopover__icon TextFieldWrapper__icon Icon Icon--clickable"
                data-test-icon="variant"
                height="12"
                name="Variant"
                width="12"
              />
              <div
                class="Popover"
                data-test-popover="popover"
                style="left: 0px; top: 0px;"
              >
                <div
                  class="PopoverItem"
                  data-test-popover-item="0"
                >
                  <div
                    class="css-1jnxvbp PopoverItem__check-icon PopoverItem__check-icon--selected Icon Icon--neutral-1"
                    data-test-icon="check"
                    height="12"
                    name="Check"
                    width="12"
                  />
                  <div
                    class="css-1jnxvbp PopoverItem__icon Icon Icon--neutral-1"
                    data-test-icon="padding-lr"
                    height="12"
                    name="PaddingLR"
                    width="12"
                  />
                  <small
                    class="css-1jnxvbp PopoverItem__text Typography Typography--neutral-1 Typography--regular Typography--normal Typography--small"
                    data-test-text=""
                    style="text-align: inherit;"
                  >
                    Fixed padding left/right (0)
                  </small>
                </div>
              </div>
            </div>
          </div>
        </div>
        <div
          class="Tooltip"
        >
          <div
            class="Tooltip__content"
          >
            Horizontal padding
            <div
              class="css-1jnxvbp Tooltip__carrot Tooltip__carrot--top-center Icon Icon--neutral-1"
              data-test-icon="carrot-down"
              height="14"
              name="CarrotDown"
              width="10"
            />
          </div>
        </div>
        <div
          class="TextField"
          data-test-text-field="padding-tb"
          data-test-tooltip=""
        >
          <div
            class="TextFieldWrapper TextFieldWrapper--filled TextFieldWrapper--full-width"
            data-test-text-field-wrapper="padding-tb"
          >
            <div
              class="ScrubbableInput"
              data-test-scrubbable-input="padding-tb"
            >
              <div
                class="css-1jnxvbp Icon Icon--neutral-2"
                data-test-icon="padding-tb"
                height="12"
                name="PaddingTB"
                width="12"
              />
            </div>
            <input
              class="TextFieldWrapper__input"
              data-test-text-field-input="padding-tb"
              maxlength="6"
              type="text"
              value="0"
            />
            <div
              class="TextFieldPopover"
            >
              <div
                class="css-1jnxvbp TextFieldPopover__icon TextFieldWrapper__icon Icon Icon--clickable"
                data-test-icon="variant"
                height="12"
                name="Variant"
                width="12"
              />
              <div
                class="Popover"
                data-test-popover="popover"
                style="left: 0px; top: 0px;"
              >
                <div
                  class="PopoverItem"
                  data-test-popover-item="0"
                >
                  <div
                    class="css-1jnxvbp PopoverItem__check-icon PopoverItem__check-icon--selected Icon Icon--neutral-1"
                    data-test-icon="check"
                    height="12"
                    name="Check"
                    width="12"
                  />
                  <div
                    class="css-1jnxvbp PopoverItem__icon Icon Icon--neutral-1"
                    data-test-icon="padding-tb"
                    height="12"
                    name="PaddingTB"
                    width="12"
                  />
                  <small
                    class="css-1jnxvbp PopoverItem__text Typography Typography--neutral-1 Typography--regular Typography--normal Typography--small"
                    data-test-text=""
                    style="text-align: inherit;"
                  >
                    Fixed padding top/bottom (0)
                  </small>
                </div>
              </div>
            </div>
          </div>
        </div>
        <div
          class="Tooltip"
        >
          <div
            class="Tooltip__content"
          >
            Vertical padding
            <div
              class="css-1jnxvbp Tooltip__carrot Tooltip__carrot--top-center Icon Icon--neutral-1"
              data-test-icon="carrot-down"
              height="14"
              name="CarrotDown"
              width="10"
            />
          </div>
        </div>
      </div>
      <div>
        <div
          class="SectionColumnButtonIcons"
        >
          <div
            class="ButtonIcon"
            data-test-button-icon="insets-mode"
            data-test-tooltip=""
          >
            <div
              class="css-1jnxvbp Icon Icon--neutral-1"
              data-test-icon="individual-insets"
              height="12"
              name="IndividualInsets"
              width="12"
            />
          </div>
          <div
            class="Tooltip"
          >
            <div
              class="Tooltip__content"
            >
              Individual padding
              <div
                class="css-1jnxvbp Tooltip__carrot Tooltip__carrot--top-center Icon Icon--neutral-1"
                data-test-icon="carrot-down"
                height="14"
                name="CarrotDown"
                width="10"
              />
            </div>
          </div>
        </div>
      </div>
    </div>
  </div>
</DocumentFragment>
`;

exports[`ColumnPadding snapshots should render when is free form 1`] = `<DocumentFragment />`;
