// Jest Snapshot v1, https://goo.gl/fbAQLP

exports[`PopoverAutoLayoutSettings snapshots should render PopoverAutoLayoutSettings 1`] = `
<DocumentFragment>
  <div
    class="css-1h1jb7x"
    data-test-popover-header=""
  >
    <small
      class="css-1jnxvbp Typography Typography--light Typography--neutral1 Typography--neutral1--light Typography--regular Typography--regular--light Typography--normal Typography--normal--light Typography--small Typography--small--light"
      data-test-text=""
      style="font-size: 11px; text-align: inherit;"
    >
      Auto layout settings
    </small>
    <div
      class="css-1jnxvbp Icon Icon--light Icon--clickable Icon--clickable--light"
      data-test-icon="close"
      height="10"
      name="Close"
      width="10"
    />
  </div>
  <div
    class="css-1scdc72"
    data-test-popover-preview=""
  >
    <p
      class="css-1jnxvbp Typography Typography--light Typography--neutral1 Typography--neutral1--light Typography--regular Typography--regular--light Typography--normal Typography--normal--light Typography--p Typography--p--light"
      data-test-text=""
      style="opacity: 0.5; text-align: inherit;"
    >
      Preview
    </p>
  </div>
  <div
    class="css-1jnxvbp Select Select--light"
    data-test-select="box-sizing"
  >
    <div
      class="css-1jnxvbp TextField TextField--light"
      data-test-text-field=""
      data-test-tooltip=""
    >
      <small
        class="css-1jnxvbp TextFieldLabel TextFieldLabel--light Typography Typography--light Typography--neutral1 Typography--neutral1--light Typography--regular Typography--regular--light Typography--normal Typography--normal--light Typography--small Typography--small--light"
        data-test-text=""
        style="text-align: inherit;"
      >
        Strokes
      </small>
      <div
        class="css-1jnxvbp TextFieldWrapper TextFieldWrapper--light TextFieldWrapper--outlined TextFieldWrapper--outlined--light"
        data-test-text-field-wrapper=""
        style="width: 112px;"
      >
        <input
          class="TextFieldWrapper__input TextFieldWrapper__input--light"
          data-test-text-field-input=""
          maxlength="6"
          readonly=""
          value="Excluded"
        />
        <div
          class="css-1jnxvbp Icon Icon--light Icon--neutral1 Icon--neutral1--light"
          data-test-icon="chevron-down"
          height="5"
          name="ChevronDown"
          style="margin-right: 5px;"
          width="8"
        />
      </div>
    </div>
    <ul
      class="css-1jnxvbp SelectOptions SelectOptions--light"
      data-test-box=""
      data-test-select-options="box-sizing"
      style="left: 0px; top: 24px; width: 0px;"
    >
      <li
        class="css-1jnxvbp SelectItem SelectItem--light"
        data-test-select-item="included"
        data-value="included"
        role="option"
        tabindex="0"
      >
        <div
          class="css-1jnxvbp SelectItem__checkIcon SelectItem__checkIcon--light Icon Icon--light Icon--neutral1 Icon--neutral1--light"
          data-test-icon="check"
          height="12"
          name="Check"
          width="12"
        />
        Included
      </li>
      <li
        class="css-1jnxvbp SelectItem SelectItem--light SelectItem--selected SelectItem--selected--light"
        data-test-select-item="excluded"
        data-value="excluded"
        role="option"
        tabindex="0"
      >
        <div
          class="css-1jnxvbp SelectItem__checkIcon SelectItem__checkIcon--light SelectItem__checkIcon--selected SelectItem__checkIcon--selected--light Icon Icon--light Icon--neutral1 Icon--neutral1--light"
          data-test-icon="check"
          height="12"
          name="Check"
          width="12"
        />
        Excluded
      </li>
    </ul>
  </div>
</DocumentFragment>
`;
