// Jest Snapshot v1, https://goo.gl/fbAQLP

exports[`Chip snapshots should render Chip 1`] = `
<DocumentFragment>
  <div
    class="css-1jnxvbp Chip Chip--light"
    data-test-chip="chip"
  >
    chip
  </div>
</DocumentFragment>
`;

exports[`Chip snapshots should render with empty children 1`] = `<DocumentFragment />`;
